<html>
<body>
<pre>
<h1>µVision Build Log</h1>
<h2>Tool Versions:</h2>
IDE-Version: ¦ÌVision V5.38.0.0
Copyright (C) 2022 ARM Ltd and ARM Germany GmbH. All rights reserved.
License Information: wen wenwen, wen, LIC=ZB4EI-TGLBX-KPDZY-IMP81-RK7DV-9MB1P
 
Tool Versions:
Toolchain:       MDK-ARM Plus  Version: 5.38.0.0
Toolchain Path:  E:\keil 5 MDK\ARM\arm£¨compiler_5.06u7£©\Bin
C Compiler:      Armcc.exe V5.06 update 7 (build 960)
Assembler:       Armasm.exe V5.06 update 7 (build 960)
Linker/Locator:  ArmLink.exe V5.06 update 7 (build 960)
Library Manager: ArmAr.exe V5.06 update 7 (build 960)
Hex Converter:   FromElf.exe V5.06 update 7 (build 960)
CPU DLL:         SARMCM3.DLL V5.38.0.0
Dialog DLL:      DCM.DLL V1.17.5.0
Target DLL:      CMSIS_AGDI.dll V1.33.15.0
Dialog DLL:      TCM.DLL V1.56.4.0
 
<h2>Project:</h2>
e:\Desktop\f32xuexi\HAL_KU_LED_WWDG\Projects\MDK-ARM\atk_f103.uvprojx
Project File Date:  12/15/2023

<h2>Output:</h2>
*** Using Compiler 'V5.06 update 7 (build 960)', folder: 'E:\keil 5 MDK\ARM\arm£¨compiler_5.06u7£©\Bin'
Build target 'Template'
compiling system_stm32f1xx.c...
compiling stm32f1xx_it.c...
compiling usart.c...
compiling stm32f1xx_hal_cortex.c...
compiling delay.c...
compiling sys.c...
compiling stm32f1xx_hal_gpio.c...
compiling stm32f1xx_hal_rcc_ex.c...
compiling stm32f1xx_hal_uart.c...
compiling stm32f1xx_hal_gpio_ex.c...
compiling stm32f1xx_hal_dma.c...
compiling stm32f1xx_hal.c...
compiling main.c...
compiling stm32f1xx_hal_rcc.c...
compiling stm32f1xx_hal_wwdg.c...
compiling led.c...
compiling stm32f1xx_hal_usart.c...
compiling wwdg.c...
..\..\Drivers\BSP\WWDG\wwdg.c(32): warning:  #223-D: function "HAL_WWDG_IRQHandler" declared implicitly
      HAL_WWDG_IRQHandler(&g_wwdg_handle);
..\..\Drivers\BSP\WWDG\wwdg.c: 1 warning, 0 errors
compiling key.c...
linking...
Program Size: Code=6364 RO-data=360 RW-data=28 ZI-data=1916  
FromELF: creating hex file...
"..\..\Output\atk_f103.axf" - 0 Error(s), 1 Warning(s).

<h2>Software Packages used:</h2>

Package Vendor: Keil
                https://www.keil.com/pack/Keil.STM32F1xx_DFP.2.4.1.pack
                Keil.STM32F1xx_DFP.2.4.1
                STMicroelectronics STM32F1 Series Device Support, Drivers and Examples

<h2>Collection of Component include folders:</h2>
  E:/keil 5 MDK/Keil/STM32F1xx_DFP/2.4.1/Device/Include

<h2>Collection of Component Files used:</h2>
Build Time Elapsed:  00:00:06
</pre>
</body>
</html>
