<html>
<body>
<pre>
<h1>礦ision Build Log</h1>
<h2>Tool Versions:</h2>
IDE-Version: μVision V5.39.0.0
Copyright (C) 2023 ARM Ltd and ARM Germany GmbH. All rights reserved.
License Information: wen wenwen
wen
User-based license: Keil MDK Community (non-commercial free of charge)
Valid until: Jun 1 2033. Cached until: Apr 23 2024
 
Tool Versions:
Toolchain:       Keil MDK Community (non-commercial free of charge  Version: 5.39.0.0
Toolchain Path:  E:\keil 5 MDK\ARM\arm（compiler_5.06u7）\Bin
C Compiler:      Armcc.exe V5.06 update 7 (build 960)
Assembler:       Armasm.exe V5.06 update 7 (build 960)
Linker/Locator:  ArmLink.exe V5.06 update 7 (build 960)
Library Manager: ArmAr.exe V5.06 update 7 (build 960)
Hex Converter:   FromElf.exe V5.06 update 7 (build 960)
CPU DLL:         SARMCM3.DLL V5.39.0.0
Dialog DLL:      DARMSTM.DLL V1.69.1.0
Target DLL:      Segger\JL2CM3.dll V2.99.43.0
Dialog DLL:      TARMSTM.DLL V1.67.1.0
 
<h2>Project:</h2>
E:\Desktop\f32xuexi\STM32_line\OpenArmSTM32.uvproj
Project File Date:  03/21/2024

<h2>Output:</h2>
*** Warning: The configured compiler version '5.06 update 7 (build 960)' does not support the selected User Based Licensing technology.
*** Using Compiler 'V5.06 update 7 (build 960)', folder: 'E:\keil 5 MDK\ARM\arm（compiler_5.06u7）\Bin'
Build target 'Target 1'
assembling startup_stm32f10x_md.s...
compiling core_cm3.c...
compiling misc.c...
compiling stm32f10x_dac.c...
compiling stm32f10x_crc.c...
compiling stm32f10x_bkp.c...
compiling stm32f10x_can.c...
compiling stm32f10x_dbgmcu.c...
compiling stm32f10x_adc.c...
compiling stm32f10x_cec.c...
compiling stm32f10x_exti.c...
compiling stm32f10x_dma.c...
compiling stm32f10x_gpio.c...
compiling stm32f10x_fsmc.c...
compiling stm32f10x_flash.c...
compiling stm32f10x_i2c.c...
compiling stm32f10x_iwdg.c...
compiling stm32f10x_pwr.c...
compiling stm32f10x_rtc.c...
compiling stm32f10x_rcc.c...
compiling stm32f10x_sdio.c...
compiling stm32f10x_spi.c...
compiling stm32f10x_wwdg.c...
compiling stm32f10x_it.c...
compiling stm32f10x_usart.c...
compiling main.c...
USER\main.c(99): warning:  #68-D: integer conversion resulted in a change of sign
  uint8_t p2[4]={-10,-10,-10,-10};    									//电机转速设置 
USER\main.c(99): warning:  #68-D: integer conversion resulted in a change of sign
  uint8_t p2[4]={-10,-10,-10,-10};    									//电机转速设置 
USER\main.c(99): warning:  #68-D: integer conversion resulted in a change of sign
  uint8_t p2[4]={-10,-10,-10,-10};    									//电机转速设置 
USER\main.c(99): warning:  #68-D: integer conversion resulted in a change of sign
  uint8_t p2[4]={-10,-10,-10,-10};    									//电机转速设置 
USER\main.c: 4 warnings, 0 errors
compiling system_stm32f10x.c...
compiling Delay.c...
compiling stm32f10x_tim.c...
compiling Servo.c...
compiling MyTime.c...
compiling ADC.c...
compiling Usart.c...
compiling Motor.c...
compiling IIC.c...
compiling BusServoCtrl.c...
USER\BusServoCtrl.c(74): warning:  #550-D: variable "Res"  was set but never used
  	u8 Res;
USER\BusServoCtrl.c: 1 warning, 0 errors
linking...
Program Size: Code=14092 RO-data=268 RW-data=148 ZI-data=1684  
FromELF: creating hex file...
".\Obj\OpenArmSTM32.axf" - 0 Error(s), 5 Warning(s).
Build Time Elapsed:  00:00:02
</pre>
</body>
</html>
