Component: ARM Compiler 5.06 update 7 (build 960) Tool: armlink [4d3601]

==============================================================================

Section Cross References

    startup_stm32h743xx.o(STACK) refers (Special) to heapauxi.o(.text) for __use_two_region_memory
    startup_stm32h743xx.o(HEAP) refers (Special) to heapauxi.o(.text) for __use_two_region_memory
    startup_stm32h743xx.o(RESET) refers (Special) to heapauxi.o(.text) for __use_two_region_memory
    startup_stm32h743xx.o(RESET) refers to startup_stm32h743xx.o(STACK) for __initial_sp
    startup_stm32h743xx.o(RESET) refers to startup_stm32h743xx.o(.text) for Reset_Handler
    startup_stm32h743xx.o(RESET) refers to stm32h7xx_it.o(i.NMI_Handler) for NMI_Handler
    startup_stm32h743xx.o(RESET) refers to stm32h7xx_it.o(i.HardFault_Handler) for HardFault_Handler
    startup_stm32h743xx.o(RESET) refers to stm32h7xx_it.o(i.MemManage_Handler) for MemManage_Handler
    startup_stm32h743xx.o(RESET) refers to stm32h7xx_it.o(i.BusFault_Handler) for BusFault_Handler
    startup_stm32h743xx.o(RESET) refers to stm32h7xx_it.o(i.UsageFault_Handler) for UsageFault_Handler
    startup_stm32h743xx.o(RESET) refers to stm32h7xx_it.o(i.SVC_Handler) for SVC_Handler
    startup_stm32h743xx.o(RESET) refers to stm32h7xx_it.o(i.DebugMon_Handler) for DebugMon_Handler
    startup_stm32h743xx.o(RESET) refers to stm32h7xx_it.o(i.PendSV_Handler) for PendSV_Handler
    startup_stm32h743xx.o(RESET) refers to stm32h7xx_it.o(i.SysTick_Handler) for SysTick_Handler
    startup_stm32h743xx.o(RESET) refers to usart.o(i.USART1_IRQHandler) for USART1_IRQHandler
    startup_stm32h743xx.o(RESET) refers to stm32h7xx_it.o(i.TIM5_IRQHandler) for TIM5_IRQHandler
    startup_stm32h743xx.o(.text) refers (Special) to heapauxi.o(.text) for __use_two_region_memory
    startup_stm32h743xx.o(.text) refers to system_stm32h7xx.o(i.SystemInit) for SystemInit
    startup_stm32h743xx.o(.text) refers to __main.o(!!!main) for __main
    startup_stm32h743xx.o(.text) refers to startup_stm32h743xx.o(HEAP) for Heap_Mem
    startup_stm32h743xx.o(.text) refers to startup_stm32h743xx.o(STACK) for Stack_Mem
    main.o(i.SystemClock_Config) refers to rt_memclr_w.o(.text) for __aeabi_memclr4
    main.o(i.SystemClock_Config) refers to stm32h7xx_hal_pwr_ex.o(i.HAL_PWREx_ConfigSupply) for HAL_PWREx_ConfigSupply
    main.o(i.SystemClock_Config) refers to stm32h7xx_hal_rcc.o(i.HAL_RCC_OscConfig) for HAL_RCC_OscConfig
    main.o(i.SystemClock_Config) refers to stm32h7xx_hal_rcc.o(i.HAL_RCC_ClockConfig) for HAL_RCC_ClockConfig
    main.o(i.main) refers to stm32h7xx_hal_cortex.o(i.HAL_MPU_Disable) for HAL_MPU_Disable
    main.o(i.main) refers to stm32h7xx_hal_cortex.o(i.HAL_MPU_ConfigRegion) for HAL_MPU_ConfigRegion
    main.o(i.main) refers to stm32h7xx_hal_cortex.o(i.HAL_MPU_Enable) for HAL_MPU_Enable
    main.o(i.main) refers to stm32h7xx_hal.o(i.HAL_Init) for HAL_Init
    main.o(i.main) refers to main.o(i.SystemClock_Config) for SystemClock_Config
    main.o(i.main) refers to gpio.o(i.MX_GPIO_Init) for MX_GPIO_Init
    main.o(i.main) refers to tim.o(i.MX_TIM5_Init) for MX_TIM5_Init
    main.o(i.main) refers to usart.o(i.usart_init) for usart_init
    main.o(i.main) refers to sys.o(i.sys_stm32_clock_init) for sys_stm32_clock_init
    main.o(i.main) refers to hc.o(i.SR04_GetData) for SR04_GetData
    main.o(i.main) refers to stm32h7xx_hal.o(i.HAL_Delay) for HAL_Delay
    gpio.o(i.MX_GPIO_Init) refers to rt_memclr_w.o(.text) for __aeabi_memclr4
    gpio.o(i.MX_GPIO_Init) refers to stm32h7xx_hal_gpio.o(i.HAL_GPIO_WritePin) for HAL_GPIO_WritePin
    gpio.o(i.MX_GPIO_Init) refers to stm32h7xx_hal_gpio.o(i.HAL_GPIO_Init) for HAL_GPIO_Init
    tim.o(i.HAL_TIM_Base_MspDeInit) refers to stm32h7xx_hal_gpio.o(i.HAL_GPIO_DeInit) for HAL_GPIO_DeInit
    tim.o(i.HAL_TIM_Base_MspDeInit) refers to stm32h7xx_hal_cortex.o(i.HAL_NVIC_DisableIRQ) for HAL_NVIC_DisableIRQ
    tim.o(i.HAL_TIM_Base_MspInit) refers to rt_memclr_w.o(.text) for __aeabi_memclr4
    tim.o(i.HAL_TIM_Base_MspInit) refers to stm32h7xx_hal_gpio.o(i.HAL_GPIO_Init) for HAL_GPIO_Init
    tim.o(i.HAL_TIM_Base_MspInit) refers to stm32h7xx_hal_cortex.o(i.HAL_NVIC_SetPriority) for HAL_NVIC_SetPriority
    tim.o(i.HAL_TIM_Base_MspInit) refers to stm32h7xx_hal_cortex.o(i.HAL_NVIC_EnableIRQ) for HAL_NVIC_EnableIRQ
    tim.o(i.MX_TIM5_Init) refers to stm32h7xx_hal_tim.o(i.HAL_TIM_Base_Init) for HAL_TIM_Base_Init
    tim.o(i.MX_TIM5_Init) refers to main.o(i.Error_Handler) for Error_Handler
    tim.o(i.MX_TIM5_Init) refers to stm32h7xx_hal_tim.o(i.HAL_TIM_ConfigClockSource) for HAL_TIM_ConfigClockSource
    tim.o(i.MX_TIM5_Init) refers to stm32h7xx_hal_tim.o(i.HAL_TIM_IC_Init) for HAL_TIM_IC_Init
    tim.o(i.MX_TIM5_Init) refers to stm32h7xx_hal_tim_ex.o(i.HAL_TIMEx_MasterConfigSynchronization) for HAL_TIMEx_MasterConfigSynchronization
    tim.o(i.MX_TIM5_Init) refers to stm32h7xx_hal_tim.o(i.HAL_TIM_IC_ConfigChannel) for HAL_TIM_IC_ConfigChannel
[...]
    .ARM.Collect$$rtexit$$00000002           0x0800034c   Section        0  rtexit2.o(.ARM.Collect$$rtexit$$00000002)
    .ARM.Collect$$rtexit$$00000003           0x0800034c   Section        4  rtexit2.o(.ARM.Collect$$rtexit$$00000003)
    .ARM.Collect$$rtexit$$00000004           0x08000350   Section        6  rtexit2.o(.ARM.Collect$$rtexit$$00000004)
    .text                                    0x08000358   Section       64  startup_stm32h743xx.o(.text)
    $v0                                      0x08000358   Number         0  startup_stm32h743xx.o(.text)
    .text                                    0x08000398   Section        2  use_no_semi_2.o(.text)
    .text                                    0x0800039a   Section      238  lludivv7m.o(.text)
    .text                                    0x08000488   Section        0  noretval__2printf.o(.text)
    .text                                    0x080004a0   Section        0  _printf_dec.o(.text)
    .text                                    0x08000518   Section        0  __printf_wp.o(.text)
    .text                                    0x08000626   Section       78  rt_memclr_w.o(.text)
    .text                                    0x08000674   Section        0  heapauxi.o(.text)
    .text                                    0x0800067a   Section        2  use_no_semi.o(.text)
    .text                                    0x0800067c   Section        0  _printf_intcommon.o(.text)
    .text                                    0x0800072e   Section        0  _printf_fp_dec.o(.text)
    _fp_digits                               0x08000731   Thumb Code   432  _printf_fp_dec.o(.text)
    .text                                    0x08000b4c   Section        0  _printf_char_file.o(.text)
    .text                                    0x08000b70   Section        8  rt_locale_intlibspace.o(.text)
    .text                                    0x08000b78   Section      138  lludiv10.o(.text)
    .text                                    0x08000c04   Section        0  _printf_char_common.o(.text)
    _printf_input_char                       0x08000c05   Thumb Code    10  _printf_char_common.o(.text)
    .text                                    0x08000c34   Section        0  _printf_fp_infnan.o(.text)
    .text                                    0x08000cb4   Section        0  bigflt0.o(.text)
    .text                                    0x08000d98   Section        0  ferror.o(.text)
    .text                                    0x08000da0   Section        8  libspace.o(.text)
    .text                                    0x08000da8   Section       74  sys_stackheap_outer.o(.text)
    .text                                    0x08000df2   Section        0  exit.o(.text)
    .text                                    0x08000e04   Section      104  strcmpv7m_pel.o(.text)
    CL$$btod_d2e                             0x08000e6c   Section       62  btod.o(CL$$btod_d2e)
    CL$$btod_d2e_denorm_low                  0x08000eaa   Section       70  btod.o(CL$$btod_d2e_denorm_low)
    CL$$btod_d2e_norm_op1                    0x08000ef0   Section       96  btod.o(CL$$btod_d2e_norm_op1)
    CL$$btod_div_common                      0x08000f50   Section      824  btod.o(CL$$btod_div_common)
    CL$$btod_e2e                             0x08001288   Section      220  btod.o(CL$$btod_e2e)
    CL$$btod_ediv                            0x08001364   Section       42  btod.o(CL$$btod_ediv)
    CL$$btod_emul                            0x0800138e   Section       42  btod.o(CL$$btod_emul)
    CL$$btod_mult_common                     0x080013b8   Section      580  btod.o(CL$$btod_mult_common)
    i.BusFault_Handler                       0x080015fc   Section        0  stm32h7xx_it.o(i.BusFault_Handler)
    i.DebugMon_Handler                       0x080015fe   Section        0  stm32h7xx_it.o(i.DebugMon_Handler)
    i.Error_Handler                          0x08001600   Section        0  main.o(i.Error_Handler)
    i.HAL_DMA_Abort                          0x08001604   Section        0  stm32h7xx_hal_dma.o(i.HAL_DMA_Abort)
    i.HAL_DMA_Abort_IT                       0x08001964   Section        0  stm32h7xx_hal_dma.o(i.HAL_DMA_Abort_IT)
    i.HAL_Delay                              0x08001be8   Section        0  stm32h7xx_hal.o(i.HAL_Delay)
    i.HAL_EnableCompensationCell             0x08001c0c   Section        0  stm32h7xx_hal.o(i.HAL_EnableCompensationCell)
    i.HAL_GPIO_Init                          0x08001c1c   Section        0  stm32h7xx_hal_gpio.o(i.HAL_GPIO_Init)
    i.HAL_GPIO_WritePin                      0x08001e48   Section        0  stm32h7xx_hal_gpio.o(i.HAL_GPIO_WritePin)
    i.HAL_GetREVID                           0x08001e54   Section        0  stm32h7xx_hal.o(i.HAL_GetREVID)
    i.HAL_GetTick                            0x08001e60   Section        0  stm32h7xx_hal.o(i.HAL_GetTick)
    i.HAL_IncTick                            0x08001e6c   Section        0  stm32h7xx_hal.o(i.HAL_IncTick)
    i.HAL_Init                               0x08001e7c   Section        0  stm32h7xx_hal.o(i.HAL_Init)
    i.HAL_InitTick                           0x08001ed8   Section        0  stm32h7xx_hal.o(i.HAL_InitTick)
    i.HAL_MPU_ConfigRegion                   0x08001f18   Section        0  stm32h7xx_hal_cortex.o(i.HAL_MPU_ConfigRegion)
    i.HAL_MPU_Disable                        0x08001f74   Section        0  stm32h7xx_hal_cortex.o(i.HAL_MPU_Disable)
    i.HAL_MPU_Enable                         0x08001f90   Section        0  stm32h7xx_hal_cortex.o(i.HAL_MPU_Enable)
    i.HAL_MspInit                            0x08001fb4   Section        0  stm32h7xx_hal_msp.o(i.HAL_MspInit)
    i.HAL_NVIC_EnableIRQ                     0x08001fd0   Section        0  stm32h7xx_hal_cortex.o(i.HAL_NVIC_EnableIRQ)
    i.HAL_NVIC_SetPriority                   0x08001fec   Section        0  stm32h7xx_hal_cortex.o(i.HAL_NVIC_SetPriority)
    i.HAL_NVIC_SetPriorityGrouping           0x0800202c   Section        0  stm32h7xx_hal_cortex.o(i.HAL_NVIC_SetPriorityGrouping)
    i.HAL_PWREx_ConfigSupply                 0x08002050   Section        0  stm32h7xx_hal_pwr_ex.o(i.HAL_PWREx_ConfigSupply)
    i.HAL_PWREx_EnableUSBVoltageDetector     0x080020a4   Section        0  stm32h7xx_hal_pwr_ex.o(i.HAL_PWREx_EnableUSBVoltageDetector)
    i.HAL_RCCEx_GetD3PCLK1Freq               0x080020b4   Section        0  stm32h7xx_hal_rcc_ex.o(i.HAL_RCCEx_GetD3PCLK1Freq)
    i.HAL_RCCEx_GetPLL2ClockFreq             0x080020d8   Section        0  stm32h7xx_hal_rcc_ex.o(i.HAL_RCCEx_GetPLL2ClockFreq)
    i.HAL_RCCEx_GetPLL3ClockFreq             0x0800221c   Section        0  stm32h7xx_hal_rcc_ex.o(i.HAL_RCCEx_GetPLL3ClockFreq)
    i.HAL_RCC_ClockConfig                    0x08002360   Section        0  stm32h7xx_hal_rcc.o(i.HAL_RCC_ClockConfig)
    i.HAL_RCC_GetHCLKFreq                    0x080025bc   Section        0  stm32h7xx_hal_rcc.o(i.HAL_RCC_GetHCLKFreq)
    i.HAL_RCC_GetPCLK1Freq                   0x08002600   Section        0  stm32h7xx_hal_rcc.o(i.HAL_RCC_GetPCLK1Freq)
    i.HAL_RCC_GetPCLK2Freq                   0x08002624   Section        0  stm32h7xx_hal_rcc.o(i.HAL_RCC_GetPCLK2Freq)
    i.HAL_RCC_GetSysClockFreq                0x08002648   Section        0  stm32h7xx_hal_rcc.o(i.HAL_RCC_GetSysClockFreq)
    i.HAL_RCC_OscConfig                      0x08002780   Section        0  stm32h7xx_hal_rcc.o(i.HAL_RCC_OscConfig)
    i.HAL_SYSTICK_Config                     0x08002d02   Section        0  stm32h7xx_hal_cortex.o(i.HAL_SYSTICK_Config)
    i.HAL_TIMEx_Break2Callback               0x08002d28   Section        0  stm32h7xx_hal_tim_ex.o(i.HAL_TIMEx_Break2Callback)
    i.HAL_TIMEx_BreakCallback                0x08002d2a   Section        0  stm32h7xx_hal_tim_ex.o(i.HAL_TIMEx_BreakCallback)
    i.HAL_TIMEx_CommutCallback               0x08002d2c   Section        0  stm32h7xx_hal_tim_ex.o(i.HAL_TIMEx_CommutCallback)
    i.HAL_TIMEx_MasterConfigSynchronization  0x08002d30   Section        0  stm32h7xx_hal_tim_ex.o(i.HAL_TIMEx_MasterConfigSynchronization)
    i.HAL_TIM_Base_Init                      0x08002dd4   Section        0  stm32h7xx_hal_tim.o(i.HAL_TIM_Base_Init)
    i.HAL_TIM_Base_MspInit                   0x08002e38   Section        0  tim.o(i.HAL_TIM_Base_MspInit)
    i.HAL_TIM_ConfigClockSource              0x08002eac   Section        0  stm32h7xx_hal_tim.o(i.HAL_TIM_ConfigClockSource)
    i.HAL_TIM_IC_CaptureCallback             0x08002fa8   Section        0  hc.o(i.HAL_TIM_IC_CaptureCallback)
    i.HAL_TIM_IC_ConfigChannel               0x0800300c   Section        0  stm32h7xx_hal_tim.o(i.HAL_TIM_IC_ConfigChannel)
    i.HAL_TIM_IC_Init                        0x0800312e   Section        0  stm32h7xx_hal_tim.o(i.HAL_TIM_IC_Init)
    i.HAL_TIM_IC_MspInit                     0x08003190   Section        0  stm32h7xx_hal_tim.o(i.HAL_TIM_IC_MspInit)
    i.HAL_TIM_IC_Start_IT                    0x08003194   Section        0  stm32h7xx_hal_tim.o(i.HAL_TIM_IC_Start_IT)
    i.HAL_TIM_IC_Stop_IT                     0x080032d8   Section        0  stm32h7xx_hal_tim.o(i.HAL_TIM_IC_Stop_IT)
    i.HAL_TIM_IRQHandler                     0x0800338e   Section        0  stm32h7xx_hal_tim.o(i.HAL_TIM_IRQHandler)
    i.HAL_TIM_OC_DelayElapsedCallback        0x080034d6   Section        0  stm32h7xx_hal_tim.o(i.HAL_TIM_OC_DelayElapsedCallback)
    i.HAL_TIM_PWM_PulseFinishedCallback      0x080034d8   Section        0  stm32h7xx_hal_tim.o(i.HAL_TIM_PWM_PulseFinishedCallback)
    i.HAL_TIM_PeriodElapsedCallback          0x080034da   Section        0  stm32h7xx_hal_tim.o(i.HAL_TIM_PeriodElapsedCallback)
    i.HAL_TIM_ReadCapturedValue              0x080034dc   Section        0  stm32h7xx_hal_tim.o(i.HAL_TIM_ReadCapturedValue)
    i.HAL_TIM_TriggerCallback                0x08003508   Section        0  stm32h7xx_hal_tim.o(i.HAL_TIM_TriggerCallback)
    i.HAL_UARTEx_RxEventCallback             0x0800350a   Section        0  stm32h7xx_hal_uart.o(i.HAL_UARTEx_RxEventCallback)
    i.HAL_UARTEx_RxFifoFullCallback          0x0800350c   Section        0  stm32h7xx_hal_uart_ex.o(i.HAL_UARTEx_RxFifoFullCallback)
    i.HAL_UARTEx_TxFifoEmptyCallback         0x0800350e   Section        0  stm32h7xx_hal_uart_ex.o(i.HAL_UARTEx_TxFifoEmptyCallback)
    i.HAL_UARTEx_WakeupCallback              0x08003510   Section        0  stm32h7xx_hal_uart_ex.o(i.HAL_UARTEx_WakeupCallback)
    i.HAL_UART_ErrorCallback                 0x08003512   Section        0  stm32h7xx_hal_uart.o(i.HAL_UART_ErrorCallback)
    i.HAL_UART_IRQHandler                    0x08003514   Section        0  stm32h7xx_hal_uart.o(i.HAL_UART_IRQHandler)
    i.HAL_UART_Init                          0x0800389c   Section        0  stm32h7xx_hal_uart.o(i.HAL_UART_Init)
    i.HAL_UART_MspInit                       0x08003908   Section        0  usart.o(i.HAL_UART_MspInit)
    i.HAL_UART_Receive_IT                    0x08003998   Section        0  stm32h7xx_hal_uart.o(i.HAL_UART_Receive_IT)
    i.HAL_UART_RxCpltCallback                0x080039e0   Section        0  usart.o(i.HAL_UART_RxCpltCallback)
    i.HAL_UART_TxCpltCallback                0x08003a48   Section        0  stm32h7xx_hal_uart.o(i.HAL_UART_TxCpltCallback)
    i.HardFault_Handler                      0x08003a4a   Section        0  stm32h7xx_it.o(i.HardFault_Handler)
    i.MX_GPIO_Init                           0x08003a4c   Section        0  gpio.o(i.MX_GPIO_Init)
    i.MX_TIM5_Init                           0x08003ac8   Section        0  tim.o(i.MX_TIM5_Init)
    i.MemManage_Handler                      0x08003b60   Section        0  stm32h7xx_it.o(i.MemManage_Handler)
    i.NMI_Handler                            0x08003b62   Section        0  stm32h7xx_it.o(i.NMI_Handler)
    i.PendSV_Handler                         0x08003b64   Section        0  stm32h7xx_it.o(i.PendSV_Handler)
    i.SR04_GetData                           0x08003b68   Section        0  hc.o(i.SR04_GetData)
    i.SVC_Handler                            0x08003c38   Section        0  stm32h7xx_it.o(i.SVC_Handler)
    i.SysTick_Handler                        0x08003c3a   Section        0  stm32h7xx_it.o(i.SysTick_Handler)
    i.SystemClock_Config                     0x08003c40   Section        0  main.o(i.SystemClock_Config)
    i.SystemInit                             0x08003ce8   Section        0  system_stm32h7xx.o(i.SystemInit)
    i.TIM5_IRQHandler                        0x08003dc4   Section        0  stm32h7xx_it.o(i.TIM5_IRQHandler)
    i.TIM_Base_SetConfig                     0x08003dd0   Section        0  stm32h7xx_hal_tim.o(i.TIM_Base_SetConfig)
    i.TIM_CCxChannelCmd                      0x08003ea0   Section        0  stm32h7xx_hal_tim.o(i.TIM_CCxChannelCmd)
    i.TIM_ETR_SetConfig                      0x08003eba   Section        0  stm32h7xx_hal_tim.o(i.TIM_ETR_SetConfig)
    i.TIM_ITRx_SetConfig                     0x08003ecc   Section        0  stm32h7xx_hal_tim.o(i.TIM_ITRx_SetConfig)
    TIM_ITRx_SetConfig                       0x08003ecd   Thumb Code    16  stm32h7xx_hal_tim.o(i.TIM_ITRx_SetConfig)
    i.TIM_TI1_ConfigInputStage               0x08003ee0   Section        0  stm32h7xx_hal_tim.o(i.TIM_TI1_ConfigInputStage)
    TIM_TI1_ConfigInputStage                 0x08003ee1   Thumb Code    34  stm32h7xx_hal_tim.o(i.TIM_TI1_ConfigInputStage)
    i.TIM_TI1_SetConfig                      0x08003f04   Section        0  stm32h7xx_hal_tim.o(i.TIM_TI1_SetConfig)
    i.TIM_TI2_ConfigInputStage               0x08003f84   Section        0  stm32h7xx_hal_tim.o(i.TIM_TI2_ConfigInputStage)
    TIM_TI2_ConfigInputStage                 0x08003f85   Thumb Code    36  stm32h7xx_hal_tim.o(i.TIM_TI2_ConfigInputStage)
    i.TIM_TI2_SetConfig                      0x08003fa8   Section        0  stm32h7xx_hal_tim.o(i.TIM_TI2_SetConfig)
    TIM_TI2_SetConfig                        0x08003fa9   Thumb Code    54  stm32h7xx_hal_tim.o(i.TIM_TI2_SetConfig)
    i.UART_AdvFeatureConfig                  0x08003fde   Section        0  stm32h7xx_hal_uart.o(i.UART_AdvFeatureConfig)
    i.UART_CheckIdleState                    0x080040a6   Section        0  stm32h7xx_hal_uart.o(i.UART_CheckIdleState)
    i.UART_DMAAbortOnError                   0x08004150   Section        0  stm32h7xx_hal_uart.o(i.UART_DMAAbortOnError)
    UART_DMAAbortOnError                     0x08004151   Thumb Code    20  stm32h7xx_hal_uart.o(i.UART_DMAAbortOnError)
    i.UART_EndRxTransfer                     0x08004164   Section        0  stm32h7xx_hal_uart.o(i.UART_EndRxTransfer)
    UART_EndRxTransfer                       0x08004165   Thumb Code    78  stm32h7xx_hal_uart.o(i.UART_EndRxTransfer)
    i.UART_RxISR_16BIT                       0x080041b8   Section        0  stm32h7xx_hal_uart.o(i.UART_RxISR_16BIT)
    UART_RxISR_16BIT                         0x080041b9   Thumb Code   196  stm32h7xx_hal_uart.o(i.UART_RxISR_16BIT)
    i.UART_RxISR_16BIT_FIFOEN                0x08004280   Section        0  stm32h7xx_hal_uart.o(i.UART_RxISR_16BIT_FIFOEN)
    UART_RxISR_16BIT_FIFOEN                  0x08004281   Thumb Code   404  stm32h7xx_hal_uart.o(i.UART_RxISR_16BIT_FIFOEN)
    i.UART_RxISR_8BIT                        0x08004420   Section        0  stm32h7xx_hal_uart.o(i.UART_RxISR_8BIT)
    UART_RxISR_8BIT                          0x08004421   Thumb Code   196  stm32h7xx_hal_uart.o(i.UART_RxISR_8BIT)
    i.UART_RxISR_8BIT_FIFOEN                 0x080044e8   Section        0  stm32h7xx_hal_uart.o(i.UART_RxISR_8BIT_FIFOEN)
    UART_RxISR_8BIT_FIFOEN                   0x080044e9   Thumb Code   404  stm32h7xx_hal_uart.o(i.UART_RxISR_8BIT_FIFOEN)
    i.UART_SetConfig                         0x08004688   Section        0  stm32h7xx_hal_uart.o(i.UART_SetConfig)
    i.UART_Start_Receive_IT                  0x08004a34   Section        0  stm32h7xx_hal_uart.o(i.UART_Start_Receive_IT)
    i.UART_WaitOnFlagUntilTimeout            0x08004b44   Section        0  stm32h7xx_hal_uart.o(i.UART_WaitOnFlagUntilTimeout)
    i.USART1_IRQHandler                      0x08004bd8   Section        0  usart.o(i.USART1_IRQHandler)
    i.UsageFault_Handler                     0x08004be4   Section        0  stm32h7xx_it.o(i.UsageFault_Handler)
    i.__ARM_fpclassify                       0x08004be6   Section        0  fpclassify.o(i.__ARM_fpclassify)
    i.__NVIC_SetPriority                     0x08004c16   Section        0  stm32h7xx_hal_cortex.o(i.__NVIC_SetPriority)
    __NVIC_SetPriority                       0x08004c17   Thumb Code    34  stm32h7xx_hal_cortex.o(i.__NVIC_SetPriority)
    i._is_digit                              0x08004c38   Section        0  __printf_wp.o(i._is_digit)
    i._sys_exit                              0x08004c46   Section        0  usart.o(i._sys_exit)
    i.fputc                                  0x08004c48   Section        0  usart.o(i.fputc)
    i.main                                   0x08004c5c   Section        0  main.o(i.main)
    i.sys_stm32_clock_init                   0x08004cdc   Section        0  sys.o(i.sys_stm32_clock_init)
    i.usart_init                             0x08004da0   Section        0  usart.o(i.usart_init)
    locale$$code                             0x08004dd8   Section       44  lc_numeric_c.o(locale$$code)
    x$fpl$fpinit                             0x08004e04   Section       10  fpinit.o(x$fpl$fpinit)
    $v0                                      0x08004e04   Number         0  fpinit.o(x$fpl$fpinit)
    x$fpl$printf1                            0x08004e0e   Section        4  printf1.o(x$fpl$printf1)
    $v0                                      0x08004e0e   Number         0  printf1.o(x$fpl$printf1)
    .constdata                               0x08004e12   Section       24  stm32h7xx_hal_uart.o(.constdata)
    x$fpl$usenofp                            0x08004e12   Section        0  usenofp.o(x$fpl$usenofp)
    .constdata                               0x08004e2a   Section       16  system_stm32h7xx.o(.constdata)
    .constdata                               0x08004e3c   Section      148  bigflt0.o(.constdata)
    tenpwrs_x                                0x08004e3c   Data          60  bigflt0.o(.constdata)
    tenpwrs_i                                0x08004e78   Data          64  bigflt0.o(.constdata)
    locale$$data                             0x08004ef0   Section       28  lc_numeric_c.o(locale$$data)
    __lcnum_c_name                           0x08004ef4   Data           2  lc_numeric_c.o(locale$$data)
    __lcnum_c_start                          0x08004efc   Data           0  lc_numeric_c.o(locale$$data)
    __lcnum_c_point                          0x08004f08   Data           0  lc_numeric_c.o(locale$$data)
    __lcnum_c_thousands                      0x08004f0a   Data           0  lc_numeric_c.o(locale$$data)
    __lcnum_c_grouping                       0x08004f0b   Data           0  lc_numeric_c.o(locale$$data)
    __lcnum_c_end                            0x08004f0c   Data           0  lc_numeric_c.o(locale$$data)
    .data                                    0x24000000   Section        4  usart.o(.data)
    .data                                    0x24000004   Section        4  usart.o(.data)
    .data                                    0x24000008   Section       12  hc.o(.data)
    .data                                    0x24000014   Section       12  stm32h7xx_hal.o(.data)
    .data                                    0x24000020   Section        8  system_stm32h7xx.o(.data)
    .bss                                     0x24000028   Section       76  tim.o(.bss)
    .bss                                     0x24000074   Section      348  usart.o(.bss)
    .bss                                     0x240001d0   Section       12  hc.o(.bss)
    .bss                                     0x240001dc   Section       96  libspace.o(.bss)
    HEAP                                     0x24000240   Section      512  startup_stm32h743xx.o(HEAP)
    Heap_Mem                                 0x24000240   Data         512  startup_stm32h743xx.o(HEAP)
    STACK                                    0x24000440   Section     1024  startup_stm32h743xx.o(STACK)
    Stack_Mem                                0x24000440   Data        1024  startup_stm32h743xx.o(STACK)
    __initial_sp                             0x24000840   Data           0  startup_stm32h743xx.o(STACK)

    Global Symbols

    Symbol Name                              Value     Ov Type        Size  Object(Section)

    BuildAttributes$$THM_ISAv4$E$P$D$K$B$S$7EM$VFPv5_D16$PE$PLD8$A:L22UL41UL21$X:L11$S22US41US21$IEEE1$IW$USESV6$~STKCKD$USESV7$~SHL$OTIME$ROPI$IEEEJ$EBA8$UX$STANDARDLIB$REQ8$PRES8$EABIv2 0x00000000   Number         0  anon$$obj.o ABSOLUTE
    __ARM_use_no_argv                        0x00000000   Number         0  main.o ABSOLUTE
    _printf_flags                            0x00000000   Number         0  printf_stubs.o ABSOLUTE
    _printf_return_value                     0x00000000   Number         0  printf_stubs.o ABSOLUTE
    _printf_sizespec                         0x00000000   Number         0  printf_stubs.o ABSOLUTE
    _printf_widthprec                        0x00000000   Number         0  printf_stubs.o ABSOLUTE
    __ARM_exceptions_init                     - Undefined Weak Reference
    __alloca_initialize                       - Undefined Weak Reference
    __arm_fini_                               - Undefined Weak Reference
    __arm_preinit_                            - Undefined Weak Reference
    __cpp_initialize__aeabi_                  - Undefined Weak Reference
    __cxa_finalize                            - Undefined Weak Reference
    __sigvec_lookup                           - Undefined Weak Reference
    _atexit_init                              - Undefined Weak Reference
    _call_atexit_fns                          - Undefined Weak Reference
    _clock_init                               - Undefined Weak Reference
    _fp_trap_init                             - Undefined Weak Reference
    _fp_trap_shutdown                         - Undefined Weak Reference
    _get_lc_collate                           - Undefined Weak Reference
    _get_lc_ctype                             - Undefined Weak Reference
    _get_lc_monetary                          - Undefined Weak Reference
    _get_lc_time                              - Undefined Weak Reference
    _getenv_init                              - Undefined Weak Reference
    _handle_redirection                       - Undefined Weak Reference
    _init_alloc                               - Undefined Weak Reference
    _init_user_alloc                          - Undefined Weak Reference
    _initio                                   - Undefined Weak Reference
    _mutex_acquire                            - Undefined Weak Reference
    _mutex_release                            - Undefined Weak Reference
    _printf_post_padding                      - Undefined Weak Reference
    _printf_pre_padding                       - Undefined Weak Reference
    _printf_truncate_signed                   - Undefined Weak Reference
    _printf_truncate_unsigned                 - Undefined Weak Reference
    _rand_init                                - Undefined Weak Reference
    _signal_finish                            - Undefined Weak Reference
    _signal_init                              - Undefined Weak Reference
    _terminate_alloc                          - Undefined Weak Reference
    _terminate_user_alloc                     - Undefined Weak Reference
    _terminateio                              - Undefined Weak Reference
    __Vectors_Size                           0x00000298   Number         0  startup_stm32h743xx.o ABSOLUTE
    __Vectors                                0x08000000   Data           4  startup_stm32h743xx.o(RESET)
    __Vectors_End                            0x08000298   Data           0  startup_stm32h743xx.o(RESET)
    __main                                   0x08000299   Thumb Code     8  __main.o(!!!main)
    __scatterload                            0x080002a1   Thumb Code     0  __scatter.o(!!!scatter)
    __scatterload_rt2                        0x080002a1   Thumb Code    44  __scatter.o(!!!scatter)
    __scatterload_rt2_thumb_only             0x080002a1   Thumb Code     0  __scatter.o(!!!scatter)
    __scatterload_null                       0x080002af   Thumb Code     0  __scatter.o(!!!scatter)
    __scatterload_copy                       0x080002d5   Thumb Code    26  __scatter_copy.o(!!handler_copy)
    __scatterload_zeroinit                   0x080002f1   Thumb Code    28  __scatter_zi.o(!!handler_zi)
    _printf_f                                0x0800030d   Thumb Code     0  _printf_f.o(.ARM.Collect$$_printf_percent$$00000003)
    _printf_percent                          0x0800030d   Thumb Code     0  _printf_percent.o(.ARM.Collect$$_printf_percent$$00000000)
    _printf_d                                0x08000313   Thumb Code     0  _printf_d.o(.ARM.Collect$$_printf_percent$$00000009)
    _printf_percent_end                      0x08000319   Thumb Code     0  _printf_percent_end.o(.ARM.Collect$$_printf_percent$$00000017)
    __rt_lib_init                            0x0800031d   Thumb Code     0  libinit.o(.ARM.Collect$$libinit$$00000000)
    __rt_lib_init_fp_1                       0x0800031f   Thumb Code     0  libinit2.o(.ARM.Collect$$libinit$$00000001)
    __rt_lib_init_heap_1                     0x08000323   Thumb Code     0  libinit2.o(.ARM.Collect$$libinit$$0000000A)
    __rt_lib_init_lc_common                  0x08000323   Thumb Code     0  libinit2.o(.ARM.Collect$$libinit$$0000000F)
    __rt_lib_init_preinit_1                  0x08000323   Thumb Code     0  libinit2.o(.ARM.Collect$$libinit$$00000004)
    __rt_lib_init_rand_1                     0x08000323   Thumb Code     0  libinit2.o(.ARM.Collect$$libinit$$0000000E)
    __rt_lib_init_user_alloc_1               0x08000323   Thumb Code     0  libinit2.o(.ARM.Collect$$libinit$$0000000C)
    __rt_lib_init_lc_collate_1               0x08000329   Thumb Code     0  libinit2.o(.ARM.Collect$$libinit$$00000011)
    __rt_lib_init_lc_ctype_1                 0x08000329   Thumb Code     0  libinit2.o(.ARM.Collect$$libinit$$00000013)
    __rt_lib_init_lc_monetary_1              0x08000329   Thumb Code     0  libinit2.o(.ARM.Collect$$libinit$$00000015)
    __rt_lib_init_lc_numeric_2               0x08000329   Thumb Code     0  libinit2.o(.ARM.Collect$$libinit$$00000016)
    __rt_lib_init_alloca_1                   0x08000333   Thumb Code     0  libinit2.o(.ARM.Collect$$libinit$$0000002E)
    __rt_lib_init_argv_1                     0x08000333   Thumb Code     0  libinit2.o(.ARM.Collect$$libinit$$0000002C)
    __rt_lib_init_atexit_1                   0x08000333   Thumb Code     0  libinit2.o(.ARM.Collect$$libinit$$0000001B)
    __rt_lib_init_clock_1                    0x08000333   Thumb Code     0  libinit2.o(.ARM.Collect$$libinit$$00000021)
    __rt_lib_init_cpp_1                      0x08000333   Thumb Code     0  libinit2.o(.ARM.Collect$$libinit$$00000032)
    __rt_lib_init_exceptions_1               0x08000333   Thumb Code     0  libinit2.o(.ARM.Collect$$libinit$$00000030)
    __rt_lib_init_fp_trap_1                  0x08000333   Thumb Code     0  libinit2.o(.ARM.Collect$$libinit$$0000001F)
    __rt_lib_init_getenv_1                   0x08000333   Thumb Code     0  libinit2.o(.ARM.Collect$$libinit$$00000023)
    __rt_lib_init_lc_numeric_1               0x08000333   Thumb Code     0  libinit2.o(.ARM.Collect$$libinit$$00000017)
    __rt_lib_init_lc_time_1                  0x08000333   Thumb Code     0  libinit2.o(.ARM.Collect$$libinit$$00000019)
    __rt_lib_init_return                     0x08000333   Thumb Code     0  libinit2.o(.ARM.Collect$$libinit$$00000033)
    __rt_lib_init_signal_1                   0x08000333   Thumb Code     0  libinit2.o(.ARM.Collect$$libinit$$0000001D)
    __rt_lib_init_stdio_1                    0x08000333   Thumb Code     0  libinit2.o(.ARM.Collect$$libinit$$00000025)
    __rt_lib_shutdown                        0x08000335   Thumb Code     0  libshutdown.o(.ARM.Collect$$libshutdown$$00000000)
    __rt_lib_shutdown_cpp_1                  0x08000337   Thumb Code     0  libshutdown2.o(.ARM.Collect$$libshutdown$$00000004)
    __rt_lib_shutdown_fini_1                 0x08000337   Thumb Code     0  libshutdown2.o(.ARM.Collect$$libshutdown$$00000002)
    __rt_lib_shutdown_fp_trap_1              0x08000337   Thumb Code     0  libshutdown2.o(.ARM.Collect$$libshutdown$$00000009)
    __rt_lib_shutdown_heap_1                 0x08000337   Thumb Code     0  libshutdown2.o(.ARM.Collect$$libshutdown$$00000011)
    __rt_lib_shutdown_return                 0x08000337   Thumb Code     0  libshutdown2.o(.ARM.Collect$$libshutdown$$00000012)
    __rt_lib_shutdown_signal_1               0x08000337   Thumb Code     0  libshutdown2.o(.ARM.Collect$$libshutdown$$0000000C)
    __rt_lib_shutdown_stdio_1                0x08000337   Thumb Code     0  libshutdown2.o(.ARM.Collect$$libshutdown$$00000006)
    __rt_lib_shutdown_user_alloc_1           0x08000337   Thumb Code     0  libshutdown2.o(.ARM.Collect$$libshutdown$$0000000E)
    __rt_entry                               0x08000339   Thumb Code     0  __rtentry.o(.ARM.Collect$$rtentry$$00000000)
    __rt_entry_presh_1                       0x08000339   Thumb Code     0  __rtentry2.o(.ARM.Collect$$rtentry$$00000002)
    __rt_entry_sh                            0x08000339   Thumb Code     0  __rtentry4.o(.ARM.Collect$$rtentry$$00000004)
    __rt_entry_li                            0x0800033f   Thumb Code     0  __rtentry2.o(.ARM.Collect$$rtentry$$0000000A)
    __rt_entry_postsh_1                      0x0800033f   Thumb Code     0  __rtentry2.o(.ARM.Collect$$rtentry$$00000009)
    __rt_entry_main                          0x08000343   Thumb Code     0  __rtentry2.o(.ARM.Collect$$rtentry$$0000000D)
    __rt_entry_postli_1                      0x08000343   Thumb Code     0  __rtentry2.o(.ARM.Collect$$rtentry$$0000000C)
    __rt_exit                                0x0800034b   Thumb Code     0  rtexit.o(.ARM.Collect$$rtexit$$00000000)
    __rt_exit_ls                             0x0800034d   Thumb Code     0  rtexit2.o(.ARM.Collect$$rtexit$$00000003)
    __rt_exit_prels_1                        0x0800034d   Thumb Code     0  rtexit2.o(.ARM.Collect$$rtexit$$00000002)
    __rt_exit_exit                           0x08000351   Thumb Code     0  rtexit2.o(.ARM.Collect$$rtexit$$00000004)
    Reset_Handler                            0x08000359   Thumb Code     8  startup_stm32h743xx.o(.text)
    ADC3_IRQHandler                          0x08000373   Thumb Code     0  startup_stm32h743xx.o(.text)
    ADC_IRQHandler                           0x08000373   Thumb Code     0  startup_stm32h743xx.o(.text)
    BDMA_Channel0_IRQHandler                 0x08000373   Thumb Code     0  startup_stm32h743xx.o(.text)
    BDMA_Channel1_IRQHandler                 0x08000373   Thumb Code     0  startup_stm32h743xx.o(.text)
    BDMA_Channel2_IRQHandler                 0x08000373   Thumb Code     0  startup_stm32h743xx.o(.text)
    BDMA_Channel3_IRQHandler                 0x08000373   Thumb Code     0  startup_stm32h743xx.o(.text)
    BDMA_Channel4_IRQHandler                 0x08000373   Thumb Code     0  startup_stm32h743xx.o(.text)
    BDMA_Channel5_IRQHandler                 0x08000373   Thumb Code     0  startup_stm32h743xx.o(.text)
    BDMA_Channel6_IRQHandler                 0x08000373   Thumb Code     0  startup_stm32h743xx.o(.text)
    BDMA_Channel7_IRQHandler                 0x08000373   Thumb Code     0  startup_stm32h743xx.o(.text)
    CEC_IRQHandler                           0x08000373   Thumb Code     0  startup_stm32h743xx.o(.text)
    COMP1_IRQHandler                         0x08000373   Thumb Code     0  startup_stm32h743xx.o(.text)
    CRS_IRQHandler                           0x08000373   Thumb Code     0  startup_stm32h743xx.o(.text)
    DCMI_IRQHandler                          0x08000373   Thumb Code     0  startup_stm32h743xx.o(.text)
    DFSDM1_FLT0_IRQHandler                   0x08000373   Thumb Code     0  startup_stm32h743xx.o(.text)
    DFSDM1_FLT1_IRQHandler                   0x08000373   Thumb Code     0  startup_stm32h743xx.o(.text)
    DFSDM1_FLT2_IRQHandler                   0x08000373   Thumb Code     0  startup_stm32h743xx.o(.text)
    DFSDM1_FLT3_IRQHandler                   0x08000373   Thumb Code     0  startup_stm32h743xx.o(.text)
    DMA1_Stream0_IRQHandler                  0x08000373   Thumb Code     0  startup_stm32h743xx.o(.text)
    DMA1_Stream1_IRQHandler                  0x08000373   Thumb Code     0  startup_stm32h743xx.o(.text)
    DMA1_Stream2_IRQHandler                  0x08000373   Thumb Code     0  startup_stm32h743xx.o(.text)
    DMA1_Stream3_IRQHandler                  0x08000373   Thumb Code     0  startup_stm32h743xx.o(.text)
    DMA1_Stream4_IRQHandler                  0x08000373   Thumb Code     0  startup_stm32h743xx.o(.text)
    DMA1_Stream5_IRQHandler                  0x08000373   Thumb Code     0  startup_stm32h743xx.o(.text)
    DMA1_Stream6_IRQHandler                  0x08000373   Thumb Code     0  startup_stm32h743xx.o(.text)
    DMA1_Stream7_IRQHandler                  0x08000373   Thumb Code     0  startup_stm32h743xx.o(.text)
    DMA2D_IRQHandler                         0x08000373   Thumb Code     0  startup_stm32h743xx.o(.text)
    DMA2_Stream0_IRQHandler                  0x08000373   Thumb Code     0  startup_stm32h743xx.o(.text)
    DMA2_Stream1_IRQHandler                  0x08000373   Thumb Code     0  startup_stm32h743xx.o(.text)
    DMA2_Stream2_IRQHandler                  0x08000373   Thumb Code     0  startup_stm32h743xx.o(.text)
    DMA2_Stream3_IRQHandler                  0x08000373   Thumb Code     0  startup_stm32h743xx.o(.text)
    DMA2_Stream4_IRQHandler                  0x08000373   Thumb Code     0  startup_stm32h743xx.o(.text)
    DMA2_Stream5_IRQHandler                  0x08000373   Thumb Code     0  startup_stm32h743xx.o(.text)
    DMA2_Stream6_IRQHandler                  0x08000373   Thumb Code     0  startup_stm32h743xx.o(.text)
    DMA2_Stream7_IRQHandler                  0x08000373   Thumb Code     0  startup_stm32h743xx.o(.text)
    DMAMUX1_OVR_IRQHandler                   0x08000373   Thumb Code     0  startup_stm32h743xx.o(.text)
    DMAMUX2_OVR_IRQHandler                   0x08000373   Thumb Code     0  startup_stm32h743xx.o(.text)
    ECC_IRQHandler                           0x08000373   Thumb Code     0  startup_stm32h743xx.o(.text)
    ETH_IRQHandler                           0x08000373   Thumb Code     0  startup_stm32h743xx.o(.text)
    ETH_WKUP_IRQHandler                      0x08000373   Thumb Code     0  startup_stm32h743xx.o(.text)
    EXTI0_IRQHandler                         0x08000373   Thumb Code     0  startup_stm32h743xx.o(.text)
    EXTI15_10_IRQHandler                     0x08000373   Thumb Code     0  startup_stm32h743xx.o(.text)
    EXTI1_IRQHandler                         0x08000373   Thumb Code     0  startup_stm32h743xx.o(.text)
    EXTI2_IRQHandler                         0x08000373   Thumb Code     0  startup_stm32h743xx.o(.text)
    EXTI3_IRQHandler                         0x08000373   Thumb Code     0  startup_stm32h743xx.o(.text)
    EXTI4_IRQHandler                         0x08000373   Thumb Code     0  startup_stm32h743xx.o(.text)
    EXTI9_5_IRQHandler                       0x08000373   Thumb Code     0  startup_stm32h743xx.o(.text)
    FDCAN1_IT0_IRQHandler                    0x08000373   Thumb Code     0  startup_stm32h743xx.o(.text)
    FDCAN1_IT1_IRQHandler                    0x08000373   Thumb Code     0  startup_stm32h743xx.o(.text)
    FDCAN2_IT0_IRQHandler                    0x08000373   Thumb Code     0  startup_stm32h743xx.o(.text)
    FDCAN2_IT1_IRQHandler                    0x08000373   Thumb Code     0  startup_stm32h743xx.o(.text)
    FDCAN_CAL_IRQHandler                     0x08000373   Thumb Code     0  startup_stm32h743xx.o(.text)
    FLASH_IRQHandler                         0x08000373   Thumb Code     0  startup_stm32h743xx.o(.text)
    FMC_IRQHandler                           0x08000373   Thumb Code     0  startup_stm32h743xx.o(.text)
    FPU_IRQHandler                           0x08000373   Thumb Code     0  startup_stm32h743xx.o(.text)
    HRTIM1_FLT_IRQHandler                    0x08000373   Thumb Code     0  startup_stm32h743xx.o(.text)
    HRTIM1_Master_IRQHandler                 0x08000373   Thumb Code     0  startup_stm32h743xx.o(.text)
    HRTIM1_TIMA_IRQHandler                   0x08000373   Thumb Code     0  startup_stm32h743xx.o(.text)
    HRTIM1_TIMB_IRQHandler                   0x08000373   Thumb Code     0  startup_stm32h743xx.o(.text)
    HRTIM1_TIMC_IRQHandler                   0x08000373   Thumb Code     0  startup_stm32h743xx.o(.text)
    HRTIM1_TIMD_IRQHandler                   0x08000373   Thumb Code     0  startup_stm32h743xx.o(.text)
    HRTIM1_TIME_IRQHandler                   0x08000373   Thumb Code     0  startup_stm32h743xx.o(.text)
    HSEM1_IRQHandler                         0x08000373   Thumb Code     0  startup_stm32h743xx.o(.text)
    I2C1_ER_IRQHandler                       0x08000373   Thumb Code     0  startup_stm32h743xx.o(.text)
    I2C1_EV_IRQHandler                       0x08000373   Thumb Code     0  startup_stm32h743xx.o(.text)
    I2C2_ER_IRQHandler                       0x08000373   Thumb Code     0  startup_stm32h743xx.o(.text)
    I2C2_EV_IRQHandler                       0x08000373   Thumb Code     0  startup_stm32h743xx.o(.text)
    I2C3_ER_IRQHandler                       0x08000373   Thumb Code     0  startup_stm32h743xx.o(.text)
    I2C3_EV_IRQHandler                       0x08000373   Thumb Code     0  startup_stm32h743xx.o(.text)
    I2C4_ER_IRQHandler                       0x08000373   Thumb Code     0  startup_stm32h743xx.o(.text)
    I2C4_EV_IRQHandler                       0x08000373   Thumb Code     0  startup_stm32h743xx.o(.text)
    JPEG_IRQHandler                          0x08000373   Thumb Code     0  startup_stm32h743xx.o(.text)
    LPTIM1_IRQHandler                        0x08000373   Thumb Code     0  startup_stm32h743xx.o(.text)
    LPTIM2_IRQHandler                        0x08000373   Thumb Code     0  startup_stm32h743xx.o(.text)
    LPTIM3_IRQHandler                        0x08000373   Thumb Code     0  startup_stm32h743xx.o(.text)
    LPTIM4_IRQHandler                        0x08000373   Thumb Code     0  startup_stm32h743xx.o(.text)
    LPTIM5_IRQHandler                        0x08000373   Thumb Code     0  startup_stm32h743xx.o(.text)
    LPUART1_IRQHandler                       0x08000373   Thumb Code     0  startup_stm32h743xx.o(.text)
    LTDC_ER_IRQHandler                       0x08000373   Thumb Code     0  startup_stm32h743xx.o(.text)
    LTDC_IRQHandler                          0x08000373   Thumb Code     0  startup_stm32h743xx.o(.text)
    MDIOS_IRQHandler                         0x08000373   Thumb Code     0  startup_stm32h743xx.o(.text)
    MDIOS_WKUP_IRQHandler                    0x08000373   Thumb Code     0  startup_stm32h743xx.o(.text)
    MDMA_IRQHandler                          0x08000373   Thumb Code     0  startup_stm32h743xx.o(.text)
    OTG_FS_EP1_IN_IRQHandler                 0x08000373   Thumb Code     0  startup_stm32h743xx.o(.text)
    OTG_FS_EP1_OUT_IRQHandler                0x08000373   Thumb Code     0  startup_stm32h743xx.o(.text)
    OTG_FS_IRQHandler                        0x08000373   Thumb Code     0  startup_stm32h743xx.o(.text)
    OTG_FS_WKUP_IRQHandler                   0x08000373   Thumb Code     0  startup_stm32h743xx.o(.text)
    OTG_HS_EP1_IN_IRQHandler                 0x08000373   Thumb Code     0  startup_stm32h743xx.o(.text)
    OTG_HS_EP1_OUT_IRQHandler                0x08000373   Thumb Code     0  startup_stm32h743xx.o(.text)
    OTG_HS_IRQHandler                        0x08000373   Thumb Code     0  startup_stm32h743xx.o(.text)
    OTG_HS_WKUP_IRQHandler                   0x08000373   Thumb Code     0  startup_stm32h743xx.o(.text)
    PVD_AVD_IRQHandler                       0x08000373   Thumb Code     0  startup_stm32h743xx.o(.text)
    QUADSPI_IRQHandler                       0x08000373   Thumb Code     0  startup_stm32h743xx.o(.text)
    RCC_IRQHandler                           0x08000373   Thumb Code     0  startup_stm32h743xx.o(.text)
    RNG_IRQHandler                           0x08000373   Thumb Code     0  startup_stm32h743xx.o(.text)
    RTC_Alarm_IRQHandler                     0x08000373   Thumb Code     0  startup_stm32h743xx.o(.text)
    RTC_WKUP_IRQHandler                      0x08000373   Thumb Code     0  startup_stm32h743xx.o(.text)
    SAI1_IRQHandler                          0x08000373   Thumb Code     0  startup_stm32h743xx.o(.text)
    SAI2_IRQHandler                          0x08000373   Thumb Code     0  startup_stm32h743xx.o(.text)
    SAI3_IRQHandler                          0x08000373   Thumb Code     0  startup_stm32h743xx.o(.text)
    SAI4_IRQHandler                          0x08000373   Thumb Code     0  startup_stm32h743xx.o(.text)
    SDMMC1_IRQHandler                        0x08000373   Thumb Code     0  startup_stm32h743xx.o(.text)
    SDMMC2_IRQHandler                        0x08000373   Thumb Code     0  startup_stm32h743xx.o(.text)
    SPDIF_RX_IRQHandler                      0x08000373   Thumb Code     0  startup_stm32h743xx.o(.text)
    SPI1_IRQHandler                          0x08000373   Thumb Code     0  startup_stm32h743xx.o(.text)
    SPI2_IRQHandler                          0x08000373   Thumb Code     0  startup_stm32h743xx.o(.text)
    SPI3_IRQHandler                          0x08000373   Thumb Code     0  startup_stm32h743xx.o(.text)
    SPI4_IRQHandler                          0x08000373   Thumb Code     0  startup_stm32h743xx.o(.text)
    SPI5_IRQHandler                          0x08000373   Thumb Code     0  startup_stm32h743xx.o(.text)
    SPI6_IRQHandler                          0x08000373   Thumb Code     0  startup_stm32h743xx.o(.text)
    SWPMI1_IRQHandler                        0x08000373   Thumb Code     0  startup_stm32h743xx.o(.text)
    TAMP_STAMP_IRQHandler                    0x08000373   Thumb Code     0  startup_stm32h743xx.o(.text)
    TIM15_IRQHandler                         0x08000373   Thumb Code     0  startup_stm32h743xx.o(.text)
    TIM16_IRQHandler                         0x08000373   Thumb Code     0  startup_stm32h743xx.o(.text)
    TIM17_IRQHandler                         0x08000373   Thumb Code     0  startup_stm32h743xx.o(.text)
    TIM1_BRK_IRQHandler                      0x08000373   Thumb Code     0  startup_stm32h743xx.o(.text)
    TIM1_CC_IRQHandler                       0x08000373   Thumb Code     0  startup_stm32h743xx.o(.text)
    TIM1_TRG_COM_IRQHandler                  0x08000373   Thumb Code     0  startup_stm32h743xx.o(.text)
    TIM1_UP_IRQHandler                       0x08000373   Thumb Code     0  startup_stm32h743xx.o(.text)
    TIM2_IRQHandler                          0x08000373   Thumb Code     0  startup_stm32h743xx.o(.text)
    TIM3_IRQHandler                          0x08000373   Thumb Code     0  startup_stm32h743xx.o(.text)
    TIM4_IRQHandler                          0x08000373   Thumb Code     0  startup_stm32h743xx.o(.text)
    TIM6_DAC_IRQHandler                      0x08000373   Thumb Code     0  startup_stm32h743xx.o(.text)
    TIM7_IRQHandler                          0x08000373   Thumb Code     0  startup_stm32h743xx.o(.text)
    TIM8_BRK_TIM12_IRQHandler                0x08000373   Thumb Code     0  startup_stm32h743xx.o(.text)
    TIM8_CC_IRQHandler                       0x08000373   Thumb Code     0  startup_stm32h743xx.o(.text)
    TIM8_TRG_COM_TIM14_IRQHandler            0x08000373   Thumb Code     0  startup_stm32h743xx.o(.text)
    TIM8_UP_TIM13_IRQHandler                 0x08000373   Thumb Code     0  startup_stm32h743xx.o(.text)
    UART4_IRQHandler                         0x08000373   Thumb Code     0  startup_stm32h743xx.o(.text)
    UART5_IRQHandler                         0x08000373   Thumb Code     0  startup_stm32h743xx.o(.text)
    UART7_IRQHandler                         0x08000373   Thumb Code     0  startup_stm32h743xx.o(.text)
    UART8_IRQHandler                         0x08000373   Thumb Code     0  startup_stm32h743xx.o(.text)
    USART2_IRQHandler                        0x08000373   Thumb Code     0  startup_stm32h743xx.o(.text)
    USART3_IRQHandler                        0x08000373   Thumb Code     0  startup_stm32h743xx.o(.text)
    USART6_IRQHandler                        0x08000373   Thumb Code     0  startup_stm32h743xx.o(.text)
    WAKEUP_PIN_IRQHandler                    0x08000373   Thumb Code     0  startup_stm32h743xx.o(.text)
    WWDG_IRQHandler                          0x08000373   Thumb Code     0  startup_stm32h743xx.o(.text)
    __user_initial_stackheap                 0x08000375   Thumb Code     0  startup_stm32h743xx.o(.text)
    __use_no_semihosting                     0x08000399   Thumb Code     2  use_no_semi_2.o(.text)
    __aeabi_uldivmod                         0x0800039b   Thumb Code     0  lludivv7m.o(.text)
    _ll_udiv                                 0x0800039b   Thumb Code   238  lludivv7m.o(.text)
    __2printf                                0x08000489   Thumb Code    20  noretval__2printf.o(.text)
    _printf_int_dec                          0x080004a1   Thumb Code   104  _printf_dec.o(.text)
    __printf                                 0x08000519   Thumb Code   270  __printf_wp.o(.text)
    __aeabi_memclr4                          0x08000627   Thumb Code     0  rt_memclr_w.o(.text)
    __aeabi_memclr8                          0x08000627   Thumb Code     0  rt_memclr_w.o(.text)
    __rt_memclr_w                            0x08000627   Thumb Code    78  rt_memclr_w.o(.text)
    _memset_w                                0x0800062b   Thumb Code     0  rt_memclr_w.o(.text)
    __use_two_region_memory                  0x08000675   Thumb Code     2  heapauxi.o(.text)
    __rt_heap_escrow$2region                 0x08000677   Thumb Code     2  heapauxi.o(.text)
    __rt_heap_expand$2region                 0x08000679   Thumb Code     2  heapauxi.o(.text)
    __semihosting$guard                      0x0800067b   Thumb Code     0  use_no_semi.o(.text)
    __use_no_semihosting_swi                 0x0800067b   Thumb Code     2  use_no_semi.o(.text)
    _printf_int_common                       0x0800067d   Thumb Code   178  _printf_intcommon.o(.text)
    __lib_sel_fp_printf                      0x0800072f   Thumb Code     2  _printf_fp_dec.o(.text)
    _printf_fp_dec_real                      0x080008e1   Thumb Code   620  _printf_fp_dec.o(.text)
    _printf_char_file                        0x08000b4d   Thumb Code    32  _printf_char_file.o(.text)
    __rt_locale                              0x08000b71   Thumb Code     8  rt_locale_intlibspace.o(.text)
    _ll_udiv10                               0x08000b79   Thumb Code   138  lludiv10.o(.text)
    _printf_char_common                      0x08000c0f   Thumb Code    32  _printf_char_common.o(.text)
    _printf_fp_infnan                        0x08000c35   Thumb Code   112  _printf_fp_infnan.o(.text)
    _btod_etento                             0x08000cb5   Thumb Code   224  bigflt0.o(.text)
    ferror                                   0x08000d99   Thumb Code     8  ferror.o(.text)
    __user_libspace                          0x08000da1   Thumb Code     8  libspace.o(.text)
    __user_perproc_libspace                  0x08000da1   Thumb Code     0  libspace.o(.text)
    __user_perthread_libspace                0x08000da1   Thumb Code     0  libspace.o(.text)
    __user_setup_stackheap                   0x08000da9   Thumb Code    74  sys_stackheap_outer.o(.text)
    exit                                     0x08000df3   Thumb Code    18  exit.o(.text)
    strcmp                                   0x08000e05   Thumb Code   104  strcmpv7m_pel.o(.text)
    _btod_d2e                                0x08000e6d   Thumb Code    62  btod.o(CL$$btod_d2e)
    _d2e_denorm_low                          0x08000eab   Thumb Code    70  btod.o(CL$$btod_d2e_denorm_low)
    _d2e_norm_op1                            0x08000ef1   Thumb Code    96  btod.o(CL$$btod_d2e_norm_op1)
    __btod_div_common                        0x08000f51   Thumb Code   696  btod.o(CL$$btod_div_common)
    _e2e                                     0x08001289   Thumb Code   220  btod.o(CL$$btod_e2e)
    _btod_ediv                               0x08001365   Thumb Code    42  btod.o(CL$$btod_ediv)
    _btod_emul                               0x0800138f   Thumb Code    42  btod.o(CL$$btod_emul)
    __btod_mult_common                       0x080013b9   Thumb Code   580  btod.o(CL$$btod_mult_common)
    BusFault_Handler                         0x080015fd   Thumb Code     2  stm32h7xx_it.o(i.BusFault_Handler)
    DebugMon_Handler                         0x080015ff   Thumb Code     2  stm32h7xx_it.o(i.DebugMon_Handler)
    Error_Handler                            0x08001601   Thumb Code     4  main.o(i.Error_Handler)
    HAL_DMA_Abort                            0x08001605   Thumb Code   836  stm32h7xx_hal_dma.o(i.HAL_DMA_Abort)
    HAL_DMA_Abort_IT                         0x08001965   Thumb Code   602  stm32h7xx_hal_dma.o(i.HAL_DMA_Abort_IT)
    HAL_Delay                                0x08001be9   Thumb Code    32  stm32h7xx_hal.o(i.HAL_Delay)
    HAL_EnableCompensationCell               0x08001c0d   Thumb Code    12  stm32h7xx_hal.o(i.HAL_EnableCompensationCell)
    HAL_GPIO_Init                            0x08001c1d   Thumb Code   506  stm32h7xx_hal_gpio.o(i.HAL_GPIO_Init)
    HAL_GPIO_WritePin                        0x08001e49   Thumb Code    10  stm32h7xx_hal_gpio.o(i.HAL_GPIO_WritePin)
    HAL_GetREVID                             0x08001e55   Thumb Code     8  stm32h7xx_hal.o(i.HAL_GetREVID)
    HAL_GetTick                              0x08001e61   Thumb Code     6  stm32h7xx_hal.o(i.HAL_GetTick)
    HAL_IncTick                              0x08001e6d   Thumb Code    12  stm32h7xx_hal.o(i.HAL_IncTick)
    HAL_Init                                 0x08001e7d   Thumb Code    74  stm32h7xx_hal.o(i.HAL_Init)
    HAL_InitTick                             0x08001ed9   Thumb Code    56  stm32h7xx_hal.o(i.HAL_InitTick)
    HAL_MPU_ConfigRegion                     0x08001f19   Thumb Code    86  stm32h7xx_hal_cortex.o(i.HAL_MPU_ConfigRegion)
    HAL_MPU_Disable                          0x08001f75   Thumb Code    24  stm32h7xx_hal_cortex.o(i.HAL_MPU_Disable)
    HAL_MPU_Enable                           0x08001f91   Thumb Code    30  stm32h7xx_hal_cortex.o(i.HAL_MPU_Enable)
    HAL_MspInit                              0x08001fb5   Thumb Code    22  stm32h7xx_hal_msp.o(i.HAL_MspInit)
    HAL_NVIC_EnableIRQ                       0x08001fd1   Thumb Code    26  stm32h7xx_hal_cortex.o(i.HAL_NVIC_EnableIRQ)
    HAL_NVIC_SetPriority                     0x08001fed   Thumb Code    60  stm32h7xx_hal_cortex.o(i.HAL_NVIC_SetPriority)
    HAL_NVIC_SetPriorityGrouping             0x0800202d   Thumb Code    28  stm32h7xx_hal_cortex.o(i.HAL_NVIC_SetPriorityGrouping)
    HAL_PWREx_ConfigSupply                   0x08002051   Thumb Code    78  stm32h7xx_hal_pwr_ex.o(i.HAL_PWREx_ConfigSupply)
    HAL_PWREx_EnableUSBVoltageDetector       0x080020a5   Thumb Code    12  stm32h7xx_hal_pwr_ex.o(i.HAL_PWREx_EnableUSBVoltageDetector)
    HAL_RCCEx_GetD3PCLK1Freq                 0x080020b5   Thumb Code    26  stm32h7xx_hal_rcc_ex.o(i.HAL_RCCEx_GetD3PCLK1Freq)
    HAL_RCCEx_GetPLL2ClockFreq               0x080020d9   Thumb Code   296  stm32h7xx_hal_rcc_ex.o(i.HAL_RCCEx_GetPLL2ClockFreq)
    HAL_RCCEx_GetPLL3ClockFreq               0x0800221d   Thumb Code   296  stm32h7xx_hal_rcc_ex.o(i.HAL_RCCEx_GetPLL3ClockFreq)
    HAL_RCC_ClockConfig                      0x08002361   Thumb Code   580  stm32h7xx_hal_rcc.o(i.HAL_RCC_ClockConfig)
    HAL_RCC_GetHCLKFreq                      0x080025bd   Thumb Code    52  stm32h7xx_hal_rcc.o(i.HAL_RCC_GetHCLKFreq)
    HAL_RCC_GetPCLK1Freq                     0x08002601   Thumb Code    26  stm32h7xx_hal_rcc.o(i.HAL_RCC_GetPCLK1Freq)
    HAL_RCC_GetPCLK2Freq                     0x08002625   Thumb Code    26  stm32h7xx_hal_rcc.o(i.HAL_RCC_GetPCLK2Freq)
    HAL_RCC_GetSysClockFreq                  0x08002649   Thumb Code   278  stm32h7xx_hal_rcc.o(i.HAL_RCC_GetSysClockFreq)
    HAL_RCC_OscConfig                        0x08002781   Thumb Code  1410  stm32h7xx_hal_rcc.o(i.HAL_RCC_OscConfig)
    HAL_SYSTICK_Config                       0x08002d03   Thumb Code    38  stm32h7xx_hal_cortex.o(i.HAL_SYSTICK_Config)
    HAL_TIMEx_Break2Callback                 0x08002d29   Thumb Code     2  stm32h7xx_hal_tim_ex.o(i.HAL_TIMEx_Break2Callback)
    HAL_TIMEx_BreakCallback                  0x08002d2b   Thumb Code     2  stm32h7xx_hal_tim_ex.o(i.HAL_TIMEx_BreakCallback)
    HAL_TIMEx_CommutCallback                 0x08002d2d   Thumb Code     2  stm32h7xx_hal_tim_ex.o(i.HAL_TIMEx_CommutCallback)
    HAL_TIMEx_MasterConfigSynchronization    0x08002d31   Thumb Code   134  stm32h7xx_hal_tim_ex.o(i.HAL_TIMEx_MasterConfigSynchronization)
    HAL_TIM_Base_Init                        0x08002dd5   Thumb Code    98  stm32h7xx_hal_tim.o(i.HAL_TIM_Base_Init)
    HAL_TIM_Base_MspInit                     0x08002e39   Thumb Code   104  tim.o(i.HAL_TIM_Base_MspInit)
    HAL_TIM_ConfigClockSource                0x08002ead   Thumb Code   248  stm32h7xx_hal_tim.o(i.HAL_TIM_ConfigClockSource)
    HAL_TIM_IC_CaptureCallback               0x08002fa9   Thumb Code    84  hc.o(i.HAL_TIM_IC_CaptureCallback)
    HAL_TIM_IC_ConfigChannel                 0x0800300d   Thumb Code   290  stm32h7xx_hal_tim.o(i.HAL_TIM_IC_ConfigChannel)
    HAL_TIM_IC_Init                          0x0800312f   Thumb Code    98  stm32h7xx_hal_tim.o(i.HAL_TIM_IC_Init)
    HAL_TIM_IC_MspInit                       0x08003191   Thumb Code     2  stm32h7xx_hal_tim.o(i.HAL_TIM_IC_MspInit)
    HAL_TIM_IC_Start_IT                      0x08003195   Thumb Code   292  stm32h7xx_hal_tim.o(i.HAL_TIM_IC_Start_IT)
    HAL_TIM_IC_Stop_IT                       0x080032d9   Thumb Code   182  stm32h7xx_hal_tim.o(i.HAL_TIM_IC_Stop_IT)
    HAL_TIM_IRQHandler                       0x0800338f   Thumb Code   328  stm32h7xx_hal_tim.o(i.HAL_TIM_IRQHandler)
    HAL_TIM_OC_DelayElapsedCallback          0x080034d7   Thumb Code     2  stm32h7xx_hal_tim.o(i.HAL_TIM_OC_DelayElapsedCallback)
    HAL_TIM_PWM_PulseFinishedCallback        0x080034d9   Thumb Code     2  stm32h7xx_hal_tim.o(i.HAL_TIM_PWM_PulseFinishedCallback)
    HAL_TIM_PeriodElapsedCallback            0x080034db   Thumb Code     2  stm32h7xx_hal_tim.o(i.HAL_TIM_PeriodElapsedCallback)
    HAL_TIM_ReadCapturedValue                0x080034dd   Thumb Code    44  stm32h7xx_hal_tim.o(i.HAL_TIM_ReadCapturedValue)
    HAL_TIM_TriggerCallback                  0x08003509   Thumb Code     2  stm32h7xx_hal_tim.o(i.HAL_TIM_TriggerCallback)
    HAL_UARTEx_RxEventCallback               0x0800350b   Thumb Code     2  stm32h7xx_hal_uart.o(i.HAL_UARTEx_RxEventCallback)
    HAL_UARTEx_RxFifoFullCallback            0x0800350d   Thumb Code     2  stm32h7xx_hal_uart_ex.o(i.HAL_UARTEx_RxFifoFullCallback)
    HAL_UARTEx_TxFifoEmptyCallback           0x0800350f   Thumb Code     2  stm32h7xx_hal_uart_ex.o(i.HAL_UARTEx_TxFifoEmptyCallback)
    HAL_UARTEx_WakeupCallback                0x08003511   Thumb Code     2  stm32h7xx_hal_uart_ex.o(i.HAL_UARTEx_WakeupCallback)
    HAL_UART_ErrorCallback                   0x08003513   Thumb Code     2  stm32h7xx_hal_uart.o(i.HAL_UART_ErrorCallback)
    HAL_UART_IRQHandler                      0x08003515   Thumb Code   878  stm32h7xx_hal_uart.o(i.HAL_UART_IRQHandler)
    HAL_UART_Init                            0x0800389d   Thumb Code   106  stm32h7xx_hal_uart.o(i.HAL_UART_Init)
    HAL_UART_MspInit                         0x08003909   Thumb Code   130  usart.o(i.HAL_UART_MspInit)
    HAL_UART_Receive_IT                      0x08003999   Thumb Code    66  stm32h7xx_hal_uart.o(i.HAL_UART_Receive_IT)
    HAL_UART_RxCpltCallback                  0x080039e1   Thumb Code    90  usart.o(i.HAL_UART_RxCpltCallback)
    HAL_UART_TxCpltCallback                  0x08003a49   Thumb Code     2  stm32h7xx_hal_uart.o(i.HAL_UART_TxCpltCallback)
    HardFault_Handler                        0x08003a4b   Thumb Code     2  stm32h7xx_it.o(i.HardFault_Handler)
    MX_GPIO_Init                             0x08003a4d   Thumb Code   114  gpio.o(i.MX_GPIO_Init)
    MX_TIM5_Init                             0x08003ac9   Thumb Code   142  tim.o(i.MX_TIM5_Init)
    MemManage_Handler                        0x08003b61   Thumb Code     2  stm32h7xx_it.o(i.MemManage_Handler)
    NMI_Handler                              0x08003b63   Thumb Code     2  stm32h7xx_it.o(i.NMI_Handler)
    PendSV_Handler                           0x08003b65   Thumb Code     2  stm32h7xx_it.o(i.PendSV_Handler)
    SR04_GetData                             0x08003b69   Thumb Code   148  hc.o(i.SR04_GetData)
    SVC_Handler                              0x08003c39   Thumb Code     2  stm32h7xx_it.o(i.SVC_Handler)
    SysTick_Handler                          0x08003c3b   Thumb Code     4  stm32h7xx_it.o(i.SysTick_Handler)
    SystemClock_Config                       0x08003c41   Thumb Code   160  main.o(i.SystemClock_Config)
    SystemInit                               0x08003ce9   Thumb Code   180  system_stm32h7xx.o(i.SystemInit)
    TIM5_IRQHandler                          0x08003dc5   Thumb Code     6  stm32h7xx_it.o(i.TIM5_IRQHandler)
    TIM_Base_SetConfig                       0x08003dd1   Thumb Code   176  stm32h7xx_hal_tim.o(i.TIM_Base_SetConfig)
    TIM_CCxChannelCmd                        0x08003ea1   Thumb Code    26  stm32h7xx_hal_tim.o(i.TIM_CCxChannelCmd)
    TIM_ETR_SetConfig                        0x08003ebb   Thumb Code    18  stm32h7xx_hal_tim.o(i.TIM_ETR_SetConfig)
    TIM_TI1_SetConfig                        0x08003f05   Thumb Code   100  stm32h7xx_hal_tim.o(i.TIM_TI1_SetConfig)
    UART_AdvFeatureConfig                    0x08003fdf   Thumb Code   200  stm32h7xx_hal_uart.o(i.UART_AdvFeatureConfig)
    UART_CheckIdleState                      0x080040a7   Thumb Code   170  stm32h7xx_hal_uart.o(i.UART_CheckIdleState)
    UART_SetConfig                           0x08004689   Thumb Code   876  stm32h7xx_hal_uart.o(i.UART_SetConfig)
    UART_Start_Receive_IT                    0x08004a35   Thumb Code   256  stm32h7xx_hal_uart.o(i.UART_Start_Receive_IT)
    UART_WaitOnFlagUntilTimeout              0x08004b45   Thumb Code   148  stm32h7xx_hal_uart.o(i.UART_WaitOnFlagUntilTimeout)
    USART1_IRQHandler                        0x08004bd9   Thumb Code     6  usart.o(i.USART1_IRQHandler)
    UsageFault_Handler                       0x08004be5   Thumb Code     2  stm32h7xx_it.o(i.UsageFault_Handler)
    __ARM_fpclassify                         0x08004be7   Thumb Code    48  fpclassify.o(i.__ARM_fpclassify)
    _is_digit                                0x08004c39   Thumb Code    14  __printf_wp.o(i._is_digit)
    _sys_exit                                0x08004c47   Thumb Code     2  usart.o(i._sys_exit)
    fputc                                    0x08004c49   Thumb Code    14  usart.o(i.fputc)
    main                                     0x08004c5d   Thumb Code   128  main.o(i.main)
    sys_stm32_clock_init                     0x08004cdd   Thumb Code   184  sys.o(i.sys_stm32_clock_init)
    usart_init                               0x08004da1   Thumb Code    44  usart.o(i.usart_init)
    _get_lc_numeric                          0x08004dd9   Thumb Code    44  lc_numeric_c.o(locale$$code)
    _fp_init                                 0x08004e05   Thumb Code    10  fpinit.o(x$fpl$fpinit)
    __fplib_config_fpu_vfp                   0x08004e0d   Thumb Code     0  fpinit.o(x$fpl$fpinit)
    __fplib_config_pureend_doubles           0x08004e0d   Thumb Code     0  fpinit.o(x$fpl$fpinit)
    _printf_fp_dec                           0x08004e0f   Thumb Code     4  printf1.o(x$fpl$printf1)
    UARTPrescTable                           0x08004e12   Data          24  stm32h7xx_hal_uart.o(.constdata)
    __I$use$fp                               0x08004e12   Number         0  usenofp.o(x$fpl$usenofp)
    D1CorePrescTable                         0x08004e2a   Data          16  system_stm32h7xx.o(.constdata)
    Region$$Table$$Base                      0x08004ed0   Number         0  anon$$obj.o(Region$$Table)
    Region$$Table$$Limit                     0x08004ef0   Number         0  anon$$obj.o(Region$$Table)
    g_rx_buffer                              0x24000000   Data           1  usart.o(.data)
    g_usart_rx_sta                           0x24000002   Data           2  usart.o(.data)
    __stdout                                 0x24000004   Data           4  usart.o(.data)
    measure_Cnt                              0x24000008   Data           1  hc.o(.data)
    distant                                  0x2400000c   Data           4  hc.o(.data)
    high_time                                0x24000010   Data           4  hc.o(.data)
    uwTickFreq                               0x24000014   Data           1  stm32h7xx_hal.o(.data)
    uwTickPrio                               0x24000018   Data           4  stm32h7xx_hal.o(.data)
    uwTick                                   0x2400001c   Data           4  stm32h7xx_hal.o(.data)
    SystemCoreClock                          0x24000020   Data           4  system_stm32h7xx.o(.data)
    SystemD2Clock                            0x24000024   Data           4  system_stm32h7xx.o(.data)
    htim5                                    0x24000028   Data          76  tim.o(.bss)
    g_usart_rx_buf                           0x24000074   Data         200  usart.o(.bss)
    g_uart1_handle                           0x2400013c   Data         148  usart.o(.bss)
    measure_Buf                              0x240001d0   Data          12  hc.o(.bss)
    __libspace_start                         0x240001dc   Data          96  libspace.o(.bss)
    __temporary_stack_top$libspace           0x2400023c   Data           0  libspace.o(.bss)



==============================================================================

Memory Map of the image

  Image Entry point : 0x08000299

  Load Region LR_IROM1 (Base: 0x08000000, Size: 0x00004f34, Max: 0x00200000, ABSOLUTE)

    Execution Region ER_IROM1 (Exec base: 0x08000000, Load base: 0x08000000, Size: 0x00004f0c, Max: 0x00200000, ABSOLUTE)

    Exec Addr    Load Addr    Size         Type   Attr      Idx    E Section Name        Object

    0x08000000   0x08000000   0x00000298   Data   RO            3    RESET               startup_stm32h743xx.o
    0x08000298   0x08000298   0x00000008   Code   RO         4590  * !!!main             c_w.l(__main.o)
    0x080002a0   0x080002a0   0x00000034   Code   RO         4813    !!!scatter          c_w.l(__scatter.o)
    0x080002d4   0x080002d4   0x0000001a   Code   RO         4815    !!handler_copy      c_w.l(__scatter_copy.o)
    0x080002ee   0x080002ee   0x00000002   PAD
    0x080002f0   0x080002f0   0x0000001c   Code   RO         4817    !!handler_zi        c_w.l(__scatter_zi.o)
    0x0800030c   0x0800030c   0x00000000   Code   RO         4585    .ARM.Collect$$_printf_percent$$00000000  c_w.l(_printf_percent.o)
    0x0800030c   0x0800030c   0x00000006   Code   RO         4584    .ARM.Collect$$_printf_percent$$00000003  c_w.l(_printf_f.o)
    0x08000312   0x08000312   0x00000006   Code   RO         4583    .ARM.Collect$$_printf_percent$$00000009  c_w.l(_printf_d.o)
    0x08000318   0x08000318   0x00000004   Code   RO         4607    .ARM.Collect$$_printf_percent$$00000017  c_w.l(_printf_percent_end.o)
    0x0800031c   0x0800031c   0x00000002   Code   RO         4693    .ARM.Collect$$libinit$$00000000  c_w.l(libinit.o)
    0x0800031e   0x0800031e   0x00000004   Code   RO         4694    .ARM.Collect$$libinit$$00000001  c_w.l(libinit2.o)
    0x08000322   0x08000322   0x00000000   Code   RO         4697    .ARM.Collect$$libinit$$00000004  c_w.l(libinit2.o)
    0x08000322   0x08000322   0x00000000   Code   RO         4700    .ARM.Collect$$libinit$$0000000A  c_w.l(libinit2.o)
    0x08000322   0x08000322   0x00000000   Code   RO         4702    .ARM.Collect$$libinit$$0000000C  c_w.l(libinit2.o)
    0x08000322   0x08000322   0x00000000   Code   RO         4704    .ARM.Collect$$libinit$$0000000E  c_w.l(libinit2.o)
    0x08000322   0x08000322   0x00000006   Code   RO         4705    .ARM.Collect$$libinit$$0000000F  c_w.l(libinit2.o)
    0x08000328   0x08000328   0x00000000   Code   RO         4707    .ARM.Collect$$libinit$$00000011  c_w.l(libinit2.o)
    0x08000328   0x08000328   0x00000000   Code   RO         4709    .ARM.Collect$$libinit$$00000013  c_w.l(libinit2.o)
    0x08000328   0x08000328   0x00000000   Code   RO         4711    .ARM.Collect$$libinit$$00000015  c_w.l(libinit2.o)
    0x08000328   0x08000328   0x0000000a   Code   RO         4712    .ARM.Collect$$libinit$$00000016  c_w.l(libinit2.o)
    0x08000332   0x08000332   0x00000000   Code   RO         4713    .ARM.Collect$$libinit$$00000017  c_w.l(libinit2.o)
    0x08000332   0x08000332   0x00000000   Code   RO         4715    .ARM.Collect$$libinit$$00000019  c_w.l(libinit2.o)
    0x08000332   0x08000332   0x00000000   Code   RO         4717    .ARM.Collect$$libinit$$0000001B  c_w.l(libinit2.o)
    0x08000332   0x08000332   0x00000000   Code   RO         4719    .ARM.Collect$$libinit$$0000001D  c_w.l(libinit2.o)
    0x08000332   0x08000332   0x00000000   Code   RO         4721    .ARM.Collect$$libinit$$0000001F  c_w.l(libinit2.o)
    0x08000332   0x08000332   0x00000000   Code   RO         4723    .ARM.Collect$$libinit$$00000021  c_w.l(libinit2.o)
    0x08000332   0x08000332   0x00000000   Code   RO         4725    .ARM.Collect$$libinit$$00000023  c_w.l(libinit2.o)
    0x08000332   0x08000332   0x00000000   Code   RO         4727    .ARM.Collect$$libinit$$00000025  c_w.l(libinit2.o)
    0x08000332   0x08000332   0x00000000   Code   RO         4731    .ARM.Collect$$libinit$$0000002C  c_w.l(libinit2.o)
    0x08000332   0x08000332   0x00000000   Code   RO         4733    .ARM.Collect$$libinit$$0000002E  c_w.l(libinit2.o)
    0x08000332   0x08000332   0x00000000   Code   RO         4735    .ARM.Collect$$libinit$$00000030  c_w.l(libinit2.o)
    0x08000332   0x08000332   0x00000000   Code   RO         4737    .ARM.Collect$$libinit$$00000032  c_w.l(libinit2.o)
    0x08000332   0x08000332   0x00000002   Code   RO         4738    .ARM.Collect$$libinit$$00000033  c_w.l(libinit2.o)
    0x08000334   0x08000334   0x00000002   Code   RO         4776    .ARM.Collect$$libshutdown$$00000000  c_w.l(libshutdown.o)
    0x08000336   0x08000336   0x00000000   Code   RO         4794    .ARM.Collect$$libshutdown$$00000002  c_w.l(libshutdown2.o)
    0x08000336   0x08000336   0x00000000   Code   RO         4796    .ARM.Collect$$libshutdown$$00000004  c_w.l(libshutdown2.o)
    0x08000336   0x08000336   0x00000000   Code   RO         4798    .ARM.Collect$$libshutdown$$00000006  c_w.l(libshutdown2.o)
    0x08000336   0x08000336   0x00000000   Code   RO         4801    .ARM.Collect$$libshutdown$$00000009  c_w.l(libshutdown2.o)
    0x08000336   0x08000336   0x00000000   Code   RO         4804    .ARM.Collect$$libshutdown$$0000000C  c_w.l(libshutdown2.o)
    0x08000336   0x08000336   0x00000000   Code   RO         4806    .ARM.Collect$$libshutdown$$0000000E  c_w.l(libshutdown2.o)
    0x08000336   0x08000336   0x00000000   Code   RO         4809    .ARM.Collect$$libshutdown$$00000011  c_w.l(libshutdown2.o)
    0x08000336   0x08000336   0x00000002   Code   RO         4810    .ARM.Collect$$libshutdown$$00000012  c_w.l(libshutdown2.o)
    0x08000338   0x08000338   0x00000000   Code   RO         4596    .ARM.Collect$$rtentry$$00000000  c_w.l(__rtentry.o)
    0x08000338   0x08000338   0x00000000   Code   RO         4609    .ARM.Collect$$rtentry$$00000002  c_w.l(__rtentry2.o)
    0x08000338   0x08000338   0x00000006   Code   RO         4621    .ARM.Collect$$rtentry$$00000004  c_w.l(__rtentry4.o)
    0x0800033e   0x0800033e   0x00000000   Code   RO         4611    .ARM.Collect$$rtentry$$00000009  c_w.l(__rtentry2.o)
    0x0800033e   0x0800033e   0x00000004   Code   RO         4612    .ARM.Collect$$rtentry$$0000000A  c_w.l(__rtentry2.o)
    0x08000342   0x08000342   0x00000000   Code   RO         4614    .ARM.Collect$$rtentry$$0000000C  c_w.l(__rtentry2.o)
    0x08000342   0x08000342   0x00000008   Code   RO         4615    .ARM.Collect$$rtentry$$0000000D  c_w.l(__rtentry2.o)
    0x0800034a   0x0800034a   0x00000002   Code   RO         4739    .ARM.Collect$$rtexit$$00000000  c_w.l(rtexit.o)
    0x0800034c   0x0800034c   0x00000000   Code   RO         4752    .ARM.Collect$$rtexit$$00000002  c_w.l(rtexit2.o)
    0x0800034c   0x0800034c   0x00000004   Code   RO         4753    .ARM.Collect$$rtexit$$00000003  c_w.l(rtexit2.o)
    0x08000350   0x08000350   0x00000006   Code   RO         4754    .ARM.Collect$$rtexit$$00000004  c_w.l(rtexit2.o)
    0x08000356   0x08000356   0x00000002   PAD
    0x08000358   0x08000358   0x00000040   Code   RO            4    .text               startup_stm32h743xx.o
    0x08000398   0x08000398   0x00000002   Code   RO         4551    .text               c_w.l(use_no_semi_2.o)
    0x0800039a   0x0800039a   0x000000ee   Code   RO         4553    .text               c_w.l(lludivv7m.o)
    0x08000488   0x08000488   0x00000018   Code   RO         4557    .text               c_w.l(noretval__2printf.o)
    0x080004a0   0x080004a0   0x00000078   Code   RO         4561    .text               c_w.l(_printf_dec.o)
    0x08000518   0x08000518   0x0000010e   Code   RO         4571    .text               c_w.l(__printf_wp.o)
    0x08000626   0x08000626   0x0000004e   Code   RO         4586    .text               c_w.l(rt_memclr_w.o)
    0x08000674   0x08000674   0x00000006   Code   RO         4588    .text               c_w.l(heapauxi.o)
    0x0800067a   0x0800067a   0x00000002   Code   RO         4594    .text               c_w.l(use_no_semi.o)
    0x0800067c   0x0800067c   0x000000b2   Code   RO         4601    .text               c_w.l(_printf_intcommon.o)
    0x0800072e   0x0800072e   0x0000041e   Code   RO         4603    .text               c_w.l(_printf_fp_dec.o)
    0x08000b4c   0x08000b4c   0x00000024   Code   RO         4605    .text               c_w.l(_printf_char_file.o)
    0x08000b70   0x08000b70   0x00000008   Code   RO         4628    .text               c_w.l(rt_locale_intlibspace.o)
    0x08000b78   0x08000b78   0x0000008a   Code   RO         4630    .text               c_w.l(lludiv10.o)
    0x08000c02   0x08000c02   0x00000002   PAD
    0x08000c04   0x08000c04   0x00000030   Code   RO         4632    .text               c_w.l(_printf_char_common.o)
    0x08000c34   0x08000c34   0x00000080   Code   RO         4634    .text               c_w.l(_printf_fp_infnan.o)
    0x08000cb4   0x08000cb4   0x000000e4   Code   RO         4636    .text               c_w.l(bigflt0.o)
    0x08000d98   0x08000d98   0x00000008   Code   RO         4661    .text               c_w.l(ferror.o)
    0x08000da0   0x08000da0   0x00000008   Code   RO         4673    .text               c_w.l(libspace.o)
    0x08000da8   0x08000da8   0x0000004a   Code   RO         4676    .text               c_w.l(sys_stackheap_outer.o)
    0x08000df2   0x08000df2   0x00000012   Code   RO         4680    .text               c_w.l(exit.o)
    0x08000e04   0x08000e04   0x00000068   Code   RO         4686    .text               c_w.l(strcmpv7m_pel.o)
    0x08000e6c   0x08000e6c   0x0000003e   Code   RO         4639    CL$$btod_d2e        c_w.l(btod.o)
    0x08000eaa   0x08000eaa   0x00000046   Code   RO         4641    CL$$btod_d2e_denorm_low  c_w.l(btod.o)
    0x08000ef0   0x08000ef0   0x00000060   Code   RO         4640    CL$$btod_d2e_norm_op1  c_w.l(btod.o)
    0x08000f50   0x08000f50   0x00000338   Code   RO         4649    CL$$btod_div_common  c_w.l(btod.o)
    0x08001288   0x08001288   0x000000dc   Code   RO         4646    CL$$btod_e2e        c_w.l(btod.o)
    0x08001364   0x08001364   0x0000002a   Code   RO         4643    CL$$btod_ediv       c_w.l(btod.o)
    0x0800138e   0x0800138e   0x0000002a   Code   RO         4642    CL$$btod_emul       c_w.l(btod.o)
    0x080013b8   0x080013b8   0x00000244   Code   RO         4648    CL$$btod_mult_common  c_w.l(btod.o)
    0x080015fc   0x080015fc   0x00000002   Code   RO          329    i.BusFault_Handler  stm32h7xx_it.o
    0x080015fe   0x080015fe   0x00000002   Code   RO          330    i.DebugMon_Handler  stm32h7xx_it.o
    0x08001600   0x08001600   0x00000004   Code   RO           13    i.Error_Handler     main.o
    0x08001604   0x08001604   0x00000360   Code   RO         1358    i.HAL_DMA_Abort     stm32h7xx_hal_dma.o
    0x08001964   0x08001964   0x00000284   Code   RO         1359    i.HAL_DMA_Abort_IT  stm32h7xx_hal_dma.o
    0x08001be8   0x08001be8   0x00000024   Code   RO         2067    i.HAL_Delay         stm32h7xx_hal.o
    0x08001c0c   0x08001c0c   0x00000010   Code   RO         2074    i.HAL_EnableCompensationCell  stm32h7xx_hal.o
    0x08001c1c   0x08001c1c   0x0000022c   Code   RO         1206    i.HAL_GPIO_Init     stm32h7xx_hal_gpio.o
    0x08001e48   0x08001e48   0x0000000a   Code   RO         1210    i.HAL_GPIO_WritePin  stm32h7xx_hal_gpio.o
    0x08001e52   0x08001e52   0x00000002   PAD
    0x08001e54   0x08001e54   0x0000000c   Code   RO         2078    i.HAL_GetREVID      stm32h7xx_hal.o
    0x08001e60   0x08001e60   0x0000000c   Code   RO         2079    i.HAL_GetTick       stm32h7xx_hal.o
    0x08001e6c   0x08001e6c   0x00000010   Code   RO         2085    i.HAL_IncTick       stm32h7xx_hal.o
    0x08001e7c   0x08001e7c   0x0000005c   Code   RO         2086    i.HAL_Init          stm32h7xx_hal.o
    0x08001ed8   0x08001ed8   0x00000040   Code   RO         2087    i.HAL_InitTick      stm32h7xx_hal.o
    0x08001f18   0x08001f18   0x0000005c   Code   RO          559    i.HAL_MPU_ConfigRegion  stm32h7xx_hal_cortex.o
    0x08001f74   0x08001f74   0x0000001c   Code   RO          560    i.HAL_MPU_Disable   stm32h7xx_hal_cortex.o
    0x08001f90   0x08001f90   0x00000024   Code   RO          562    i.HAL_MPU_Enable    stm32h7xx_hal_cortex.o
    0x08001fb4   0x08001fb4   0x0000001c   Code   RO          411    i.HAL_MspInit       stm32h7xx_hal_msp.o
    0x08001fd0   0x08001fd0   0x0000001a   Code   RO          566    i.HAL_NVIC_EnableIRQ  stm32h7xx_hal_cortex.o
    0x08001fea   0x08001fea   0x00000002   PAD
    0x08001fec   0x08001fec   0x00000040   Code   RO          572    i.HAL_NVIC_SetPriority  stm32h7xx_hal_cortex.o
    0x0800202c   0x0800202c   0x00000024   Code   RO          573    i.HAL_NVIC_SetPriorityGrouping  stm32h7xx_hal_cortex.o
    0x08002050   0x08002050   0x00000054   Code   RO         1807    i.HAL_PWREx_ConfigSupply  stm32h7xx_hal_pwr_ex.o
    0x080020a4   0x080020a4   0x00000010   Code   RO         1824    i.HAL_PWREx_EnableUSBVoltageDetector  stm32h7xx_hal_pwr_ex.o
    0x080020b4   0x080020b4   0x00000024   Code   RO          827    i.HAL_RCCEx_GetD3PCLK1Freq  stm32h7xx_hal_rcc_ex.o
    0x080020d8   0x080020d8   0x00000144   Code   RO          829    i.HAL_RCCEx_GetPLL2ClockFreq  stm32h7xx_hal_rcc_ex.o
    0x0800221c   0x0800221c   0x00000144   Code   RO          830    i.HAL_RCCEx_GetPLL3ClockFreq  stm32h7xx_hal_rcc_ex.o
    0x08002360   0x08002360   0x0000025c   Code   RO          712    i.HAL_RCC_ClockConfig  stm32h7xx_hal_rcc.o
    0x080025bc   0x080025bc   0x00000044   Code   RO          717    i.HAL_RCC_GetHCLKFreq  stm32h7xx_hal_rcc.o
    0x08002600   0x08002600   0x00000024   Code   RO          719    i.HAL_RCC_GetPCLK1Freq  stm32h7xx_hal_rcc.o
    0x08002624   0x08002624   0x00000024   Code   RO          720    i.HAL_RCC_GetPCLK2Freq  stm32h7xx_hal_rcc.o
    0x08002648   0x08002648   0x00000138   Code   RO          721    i.HAL_RCC_GetSysClockFreq  stm32h7xx_hal_rcc.o
    0x08002780   0x08002780   0x00000582   Code   RO          724    i.HAL_RCC_OscConfig  stm32h7xx_hal_rcc.o
    0x08002d02   0x08002d02   0x00000026   Code   RO          577    i.HAL_SYSTICK_Config  stm32h7xx_hal_cortex.o
    0x08002d28   0x08002d28   0x00000002   Code   RO         3686    i.HAL_TIMEx_Break2Callback  stm32h7xx_hal_tim_ex.o
    0x08002d2a   0x08002d2a   0x00000002   Code   RO         3687    i.HAL_TIMEx_BreakCallback  stm32h7xx_hal_tim_ex.o
    0x08002d2c   0x08002d2c   0x00000002   Code   RO         3688    i.HAL_TIMEx_CommutCallback  stm32h7xx_hal_tim_ex.o
    0x08002d2e   0x08002d2e   0x00000002   PAD
    0x08002d30   0x08002d30   0x000000a4   Code   RO         3708    i.HAL_TIMEx_MasterConfigSynchronization  stm32h7xx_hal_tim_ex.o
    0x08002dd4   0x08002dd4   0x00000062   Code   RO         2972    i.HAL_TIM_Base_Init  stm32h7xx_hal_tim.o
    0x08002e36   0x08002e36   0x00000002   PAD
    0x08002e38   0x08002e38   0x00000074   Code   RO          210    i.HAL_TIM_Base_MspInit  tim.o
    0x08002eac   0x08002eac   0x000000fc   Code   RO         2981    i.HAL_TIM_ConfigClockSource  stm32h7xx_hal_tim.o
    0x08002fa8   0x08002fa8   0x00000064   Code   RO          435    i.HAL_TIM_IC_CaptureCallback  hc.o
    0x0800300c   0x0800300c   0x00000122   Code   RO         3008    i.HAL_TIM_IC_ConfigChannel  stm32h7xx_hal_tim.o
    0x0800312e   0x0800312e   0x00000062   Code   RO         3011    i.HAL_TIM_IC_Init   stm32h7xx_hal_tim.o
    0x08003190   0x08003190   0x00000002   Code   RO         3013    i.HAL_TIM_IC_MspInit  stm32h7xx_hal_tim.o
    0x08003192   0x08003192   0x00000002   PAD
    0x08003194   0x08003194   0x00000144   Code   RO         3016    i.HAL_TIM_IC_Start_IT  stm32h7xx_hal_tim.o
    0x080032d8   0x080032d8   0x000000b6   Code   RO         3019    i.HAL_TIM_IC_Stop_IT  stm32h7xx_hal_tim.o
    0x0800338e   0x0800338e   0x00000148   Code   RO         3020    i.HAL_TIM_IRQHandler  stm32h7xx_hal_tim.o
    0x080034d6   0x080034d6   0x00000002   Code   RO         3023    i.HAL_TIM_OC_DelayElapsedCallback  stm32h7xx_hal_tim.o
    0x080034d8   0x080034d8   0x00000002   Code   RO         3050    i.HAL_TIM_PWM_PulseFinishedCallback  stm32h7xx_hal_tim.o
    0x080034da   0x080034da   0x00000002   Code   RO         3058    i.HAL_TIM_PeriodElapsedCallback  stm32h7xx_hal_tim.o
    0x080034dc   0x080034dc   0x0000002c   Code   RO         3060    i.HAL_TIM_ReadCapturedValue  stm32h7xx_hal_tim.o
    0x08003508   0x08003508   0x00000002   Code   RO         3063    i.HAL_TIM_TriggerCallback  stm32h7xx_hal_tim.o
    0x0800350a   0x0800350a   0x00000002   Code   RO         3986    i.HAL_UARTEx_RxEventCallback  stm32h7xx_hal_uart.o
    0x0800350c   0x0800350c   0x00000002   Code   RO         4405    i.HAL_UARTEx_RxFifoFullCallback  stm32h7xx_hal_uart_ex.o
    0x0800350e   0x0800350e   0x00000002   Code   RO         4409    i.HAL_UARTEx_TxFifoEmptyCallback  stm32h7xx_hal_uart_ex.o
    0x08003510   0x08003510   0x00000002   Code   RO         4410    i.HAL_UARTEx_WakeupCallback  stm32h7xx_hal_uart_ex.o
    0x08003512   0x08003512   0x00000002   Code   RO         4002    i.HAL_UART_ErrorCallback  stm32h7xx_hal_uart.o
    0x08003514   0x08003514   0x00000388   Code   RO         4005    i.HAL_UART_IRQHandler  stm32h7xx_hal_uart.o
    0x0800389c   0x0800389c   0x0000006a   Code   RO         4006    i.HAL_UART_Init     stm32h7xx_hal_uart.o
    0x08003906   0x08003906   0x00000002   PAD
    0x08003908   0x08003908   0x00000090   Code   RO          251    i.HAL_UART_MspInit  usart.o
    0x08003998   0x08003998   0x00000048   Code   RO         4011    i.HAL_UART_Receive_IT  stm32h7xx_hal_uart.o
    0x080039e0   0x080039e0   0x00000068   Code   RO          252    i.HAL_UART_RxCpltCallback  usart.o
    0x08003a48   0x08003a48   0x00000002   Code   RO         4018    i.HAL_UART_TxCpltCallback  stm32h7xx_hal_uart.o
    0x08003a4a   0x08003a4a   0x00000002   Code   RO          331    i.HardFault_Handler  stm32h7xx_it.o
    0x08003a4c   0x08003a4c   0x0000007c   Code   RO          185    i.MX_GPIO_Init      gpio.o
    0x08003ac8   0x08003ac8   0x00000098   Code   RO          211    i.MX_TIM5_Init      tim.o
    0x08003b60   0x08003b60   0x00000002   Code   RO          332    i.MemManage_Handler  stm32h7xx_it.o
    0x08003b62   0x08003b62   0x00000002   Code   RO          333    i.NMI_Handler       stm32h7xx_it.o
    0x08003b64   0x08003b64   0x00000002   Code   RO          334    i.PendSV_Handler    stm32h7xx_it.o
    0x08003b66   0x08003b66   0x00000002   PAD
    0x08003b68   0x08003b68   0x000000d0   Code   RO          436    i.SR04_GetData      hc.o
    0x08003c38   0x08003c38   0x00000002   Code   RO          335    i.SVC_Handler       stm32h7xx_it.o
    0x08003c3a   0x08003c3a   0x00000004   Code   RO          336    i.SysTick_Handler   stm32h7xx_it.o
    0x08003c3e   0x08003c3e   0x00000002   PAD
    0x08003c40   0x08003c40   0x000000a8   Code   RO           14    i.SystemClock_Config  main.o
    0x08003ce8   0x08003ce8   0x000000dc   Code   RO         4516    i.SystemInit        system_stm32h7xx.o
    0x08003dc4   0x08003dc4   0x0000000c   Code   RO          337    i.TIM5_IRQHandler   stm32h7xx_it.o
    0x08003dd0   0x08003dd0   0x000000d0   Code   RO         3065    i.TIM_Base_SetConfig  stm32h7xx_hal_tim.o
    0x08003ea0   0x08003ea0   0x0000001a   Code   RO         3066    i.TIM_CCxChannelCmd  stm32h7xx_hal_tim.o
    0x08003eba   0x08003eba   0x00000012   Code   RO         3076    i.TIM_ETR_SetConfig  stm32h7xx_hal_tim.o
    0x08003ecc   0x08003ecc   0x00000014   Code   RO         3077    i.TIM_ITRx_SetConfig  stm32h7xx_hal_tim.o
    0x08003ee0   0x08003ee0   0x00000022   Code   RO         3085    i.TIM_TI1_ConfigInputStage  stm32h7xx_hal_tim.o
    0x08003f02   0x08003f02   0x00000002   PAD
    0x08003f04   0x08003f04   0x00000080   Code   RO         3086    i.TIM_TI1_SetConfig  stm32h7xx_hal_tim.o
    0x08003f84   0x08003f84   0x00000024   Code   RO         3087    i.TIM_TI2_ConfigInputStage  stm32h7xx_hal_tim.o
    0x08003fa8   0x08003fa8   0x00000036   Code   RO         3088    i.TIM_TI2_SetConfig  stm32h7xx_hal_tim.o
    0x08003fde   0x08003fde   0x000000c8   Code   RO         4020    i.UART_AdvFeatureConfig  stm32h7xx_hal_uart.o
    0x080040a6   0x080040a6   0x000000aa   Code   RO         4021    i.UART_CheckIdleState  stm32h7xx_hal_uart.o
    0x08004150   0x08004150   0x00000014   Code   RO         4022    i.UART_DMAAbortOnError  stm32h7xx_hal_uart.o
    0x08004164   0x08004164   0x00000054   Code   RO         4032    i.UART_EndRxTransfer  stm32h7xx_hal_uart.o
    0x080041b8   0x080041b8   0x000000c8   Code   RO         4034    i.UART_RxISR_16BIT  stm32h7xx_hal_uart.o
    0x08004280   0x08004280   0x000001a0   Code   RO         4035    i.UART_RxISR_16BIT_FIFOEN  stm32h7xx_hal_uart.o
    0x08004420   0x08004420   0x000000c8   Code   RO         4036    i.UART_RxISR_8BIT   stm32h7xx_hal_uart.o
    0x080044e8   0x080044e8   0x000001a0   Code   RO         4037    i.UART_RxISR_8BIT_FIFOEN  stm32h7xx_hal_uart.o
    0x08004688   0x08004688   0x000003ac   Code   RO         4038    i.UART_SetConfig    stm32h7xx_hal_uart.o
    0x08004a34   0x08004a34   0x00000110   Code   RO         4040    i.UART_Start_Receive_IT  stm32h7xx_hal_uart.o
    0x08004b44   0x08004b44   0x00000094   Code   RO         4045    i.UART_WaitOnFlagUntilTimeout  stm32h7xx_hal_uart.o
    0x08004bd8   0x08004bd8   0x0000000c   Code   RO          253    i.USART1_IRQHandler  usart.o
    0x08004be4   0x08004be4   0x00000002   Code   RO          338    i.UsageFault_Handler  stm32h7xx_it.o
    0x08004be6   0x08004be6   0x00000030   Code   RO         4671    i.__ARM_fpclassify  m_wv.l(fpclassify.o)
    0x08004c16   0x08004c16   0x00000022   Code   RO          579    i.__NVIC_SetPriority  stm32h7xx_hal_cortex.o
    0x08004c38   0x08004c38   0x0000000e   Code   RO         4573    i._is_digit         c_w.l(__printf_wp.o)
    0x08004c46   0x08004c46   0x00000002   Code   RO          255    i._sys_exit         usart.o
    0x08004c48   0x08004c48   0x00000014   Code   RO          257    i.fputc             usart.o
    0x08004c5c   0x08004c5c   0x00000080   Code   RO           15    i.main              main.o
    0x08004cdc   0x08004cdc   0x000000c4   Code   RO          486    i.sys_stm32_clock_init  sys.o
    0x08004da0   0x08004da0   0x00000038   Code   RO          258    i.usart_init        usart.o
    0x08004dd8   0x08004dd8   0x0000002c   Code   RO         4666    locale$$code        c_w.l(lc_numeric_c.o)
    0x08004e04   0x08004e04   0x0000000a   Code   RO         4749    x$fpl$fpinit        fz_wv.l(fpinit.o)
    0x08004e0e   0x08004e0e   0x00000004   Code   RO         4592    x$fpl$printf1       fz_wv.l(printf1.o)
    0x08004e12   0x08004e12   0x00000000   Code   RO         4670    x$fpl$usenofp       fz_wv.l(usenofp.o)
    0x08004e12   0x08004e12   0x00000018   Data   RO         4046    .constdata          stm32h7xx_hal_uart.o
    0x08004e2a   0x08004e2a   0x00000010   Data   RO         4517    .constdata          system_stm32h7xx.o
    0x08004e3a   0x08004e3a   0x00000002   PAD
    0x08004e3c   0x08004e3c   0x00000094   Data   RO         4637    .constdata          c_w.l(bigflt0.o)
    0x08004ed0   0x08004ed0   0x00000020   Data   RO         4811    Region$$Table       anon$$obj.o
    0x08004ef0   0x08004ef0   0x0000001c   Data   RO         4665    locale$$data        c_w.l(lc_numeric_c.o)


    Execution Region RW_IRAM1 (Exec base: 0x20000000, Load base: 0x08004f0c, Size: 0x00000000, Max: 0x00020000, ABSOLUTE)

    **** No section assigned to this execution region ****


    Execution Region RW_IRAM2 (Exec base: 0x24000000, Load base: 0x08004f0c, Size: 0x00000840, Max: 0x00080000, ABSOLUTE)

    Exec Addr    Load Addr    Size         Type   Attr      Idx    E Section Name        Object

    0x24000000   0x08004f0c   0x00000004   Data   RW          260    .data               usart.o
    0x24000004   0x08004f10   0x00000004   Data   RW          261    .data               usart.o
    0x24000008   0x08004f14   0x0000000c   Data   RW          439    .data               hc.o
    0x24000014   0x08004f20   0x0000000c   Data   RW         2108    .data               stm32h7xx_hal.o
    0x24000020   0x08004f2c   0x00000008   Data   RW         4518    .data               system_stm32h7xx.o
    0x24000028        -       0x0000004c   Zero   RW          212    .bss                tim.o
    0x24000074        -       0x0000015c   Zero   RW          259    .bss                usart.o
    0x240001d0        -       0x0000000c   Zero   RW          438    .bss                hc.o
    0x240001dc        -       0x00000060   Zero   RW         4674    .bss                c_w.l(libspace.o)
    0x2400023c   0x08004f34   0x00000004   PAD
    0x24000240        -       0x00000200   Zero   RW            2    HEAP                startup_stm32h743xx.o
    0x24000440        -       0x00000400   Zero   RW            1    STACK               startup_stm32h743xx.o


==============================================================================

Image component sizes


      Code (inc. data)   RO Data    RW Data    ZI Data      Debug   Object Name

       124         10          0          0          0       1051   gpio.o
       308         76          0         12         12       1896   hc.o
       300          8          0          0          0    1287960   main.o
        64         26        664          0       1536        840   startup_stm32h743xx.o
       248         48          0         12          0      23929   stm32h7xx_hal.o
       354         28          0          0          0      41849   stm32h7xx_hal_cortex.o
      1508         70          0          0          0       3903   stm32h7xx_hal_dma.o
       566         50          0          0          0       2304   stm32h7xx_hal_gpio.o
        28          6          0          0          0        926   stm32h7xx_hal_msp.o
       100         10          0          0          0       1350   stm32h7xx_hal_pwr_ex.o
      2466        102          0          0          0       7140   stm32h7xx_hal_rcc.o
       684         66          0          0          0       3349   stm32h7xx_hal_rcc_ex.o
      2150        108          0          0          0      17077   stm32h7xx_hal_tim.o
       170         30          0          0          0       3216   stm32h7xx_hal_tim_ex.o
      4154        192         24          0          0      36310   stm32h7xx_hal_uart.o
         6          0          0          0          0       2313   stm32h7xx_hal_uart_ex.o
        32          6          0          0          0       4576   stm32h7xx_it.o
       196         12          0          0          0       1363   sys.o
       220         40         16          8          0       1502   system_stm32h7xx.o
       268         22          0          0         76       1974   tim.o
       338         52          0          8        348       5413   usart.o

    ----------------------------------------------------------------------
     14302        962        738         40       1972    1450241   Object Totals
         0          0         32          0          0          0   (incl. Generated)
        18          0          2          0          0          0   (incl. Padding)

    ----------------------------------------------------------------------

      Code (inc. data)   RO Data    RW Data    ZI Data      Debug   Library Member Name

         8          0          0          0          0         68   __main.o
       284          0          0          0          0        156   __printf_wp.o
         0          0          0          0          0          0   __rtentry.o
        12          0          0          0          0          0   __rtentry2.o
         6          0          0          0          0          0   __rtentry4.o
        52          8          0          0          0          0   __scatter.o
        26          0          0          0          0          0   __scatter_copy.o
        28          0          0          0          0          0   __scatter_zi.o
        48          6          0          0          0         96   _printf_char_common.o
        36          4          0          0          0         80   _printf_char_file.o
         6          0          0          0          0          0   _printf_d.o
       120         16          0          0          0         92   _printf_dec.o
         6          0          0          0          0          0   _printf_f.o
      1054          0          0          0          0        216   _printf_fp_dec.o
       128         16          0          0          0         84   _printf_fp_infnan.o
       178          0          0          0          0         88   _printf_intcommon.o
         0          0          0          0          0          0   _printf_percent.o
         4          0          0          0          0          0   _printf_percent_end.o
       228          4        148          0          0         96   bigflt0.o
      1936        128          0          0          0        672   btod.o
        18          0          0          0          0         80   exit.o
         8          0          0          0          0         68   ferror.o
         6          0          0          0          0        152   heapauxi.o
        44         10         28          0          0         76   lc_numeric_c.o
         2          0          0          0          0          0   libinit.o
        22          0          0          0          0          0   libinit2.o
         2          0          0          0          0          0   libshutdown.o
         2          0          0          0          0          0   libshutdown2.o
         8          4          0          0         96         68   libspace.o
       138          0          0          0          0         80   lludiv10.o
       238          0          0          0          0        100   lludivv7m.o
        24          4          0          0          0         84   noretval__2printf.o
         8          4          0          0          0         68   rt_locale_intlibspace.o
        78          0          0          0          0         80   rt_memclr_w.o
         2          0          0          0          0          0   rtexit.o
        10          0          0          0          0          0   rtexit2.o
       104          0          0          0          0         68   strcmpv7m_pel.o
        74          0          0          0          0         80   sys_stackheap_outer.o
         2          0          0          0          0         68   use_no_semi.o
         2          0          0          0          0         68   use_no_semi_2.o
        10          0          0          0          0        116   fpinit.o
         4          0          0          0          0        116   printf1.o
         0          0          0          0          0          0   usenofp.o
        48          0          0          0          0        124   fpclassify.o

    ----------------------------------------------------------------------
      5020        204        176          0        100       3144   Library Totals
         6          0          0          0          4          0   (incl. Padding)

    ----------------------------------------------------------------------

      Code (inc. data)   RO Data    RW Data    ZI Data      Debug   Library Name

      4952        204        176          0         96       2788   c_w.l
        14          0          0          0          0        232   fz_wv.l
        48          0          0          0          0        124   m_wv.l

    ----------------------------------------------------------------------
      5020        204        176          0        100       3144   Library Totals

    ----------------------------------------------------------------------

==============================================================================


      Code (inc. data)   RO Data    RW Data    ZI Data      Debug   

     19322       1166        914         40       2072    1442477   Grand Totals
     19322       1166        914         40       2072    1442477   ELF Image Totals
     19322       1166        914         40          0          0   ROM Totals

==============================================================================

    Total RO  Size (Code + RO Data)                20236 (  19.76kB)
    Total RW  Size (RW Data + ZI Data)              2112 (   2.06kB)
    Total ROM Size (Code + RO Data + RW Data)      20276 (  19.80kB)

==============================================================================

