<html>
<body>
<pre>
<h1>µVision Build Log</h1>
<h2>Tool Versions:</h2>
IDE-Version: ¦ÌVision V5.24.2.0
Copyright (C) 2017 ARM Ltd and ARM Germany GmbH. All rights reserved.
License Information: A ADMIN, A, LIC=VGXG8-3ZVPJ-TG67T-RMZRM-FF88J-Y9I6G
 
Tool Versions:
Toolchain:       MDK-ARM Plus  Version: 5.24.1
Toolchain Path:  F:\A learning\keil5 MDK\ARM\ARMCLANG\Bin
C Compiler:      ArmClang.exe V6.7
Assembler:       Armasm.exe V6.7
Linker/Locator:  ArmLink.exe V6.7
Library Manager: ArmAr.exe V6.7
Hex Converter:   FromElf.exe V6.7
CPU DLL:         SARMCM3.DLL V5.24.1
Dialog DLL:      DCM.DLL V1.16.0.0
Target DLL:      STLink\ST-LINKIII-KEIL_SWO.dll V3.0.1.0
Dialog DLL:      TCM.DLL V1.32.0.0
 
<h2>Project:</h2>
F:\C Project\STM32\TIANSHIProject\Electrotherapy\MDK-ARM\Electrotherapy.uvprojx
Project File Date:  06/05/2024

<h2>Output:</h2>
*** Using Compiler 'V6.7', folder: 'F:\A learning\keil5 MDK\ARM\ARMCLANG\Bin'
Build target 'Electrotherapy'
compiling main_program.c...
linking...
Program Size: Code=16740 RO-data=1576 RW-data=16 ZI-data=2552  
FromELF: creating hex file...
"Electrotherapy\Electrotherapy.axf" - 0 Error(s), 0 Warning(s).

<h2>Software Packages used:</h2>

Package Vendor: ARM
                http://www.keil.com/pack/ARM.CMSIS.5.0.1.pack
                ARM.CMSIS.5.0.1
                CMSIS (Cortex Microcontroller Software Interface Standard)
   * Component: CORE Version: 5.0.1

Package Vendor: Keil
                http://www.keil.com/pack/Keil.STM32F1xx_DFP.2.2.0.pack
                Keil.STM32F1xx_DFP.2.2.0
                STMicroelectronics STM32F1 Series Device Support, Drivers and Examples

<h2>Collection of Component include folders:</h2>
  .\RTE\_Electrotherapy
  F:\A learning\keil5 MDK\ARM\PACK\ARM\CMSIS\5.0.1\CMSIS\Include
  F:\A learning\keil5 MDK\ARM\PACK\Keil\STM32F1xx_DFP\2.2.0\Device\Include

<h2>Collection of Component Files used:</h2>

   * Component: ARM::CMSIS:CORE:5.0.1
Build Time Elapsed:  00:00:00
</pre>
</body>
</html>
