<html>
<body>
<pre>
<h1>µVision Build Log</h1>
<h2>Tool Versions:</h2>
IDE-Version: ¦ÌVision V5.40.0.0
Copyright (C) 2024 ARM Ltd and ARM Germany GmbH. All rights reserved.
License Information: WEN WEN, WEN, LIC=BUURY-IEKPT-74TS0-BWHHU-44UUY-XFSV1
 
Tool Versions:
Toolchain:       MDK-ARM Plus  Version: 5.40.0.3
Toolchain Path:  E:\keil_MDK\ARM\ARMCLANG\Bin
C Compiler:      ArmClang.exe V6.22
Assembler:       Armasm.exe V6.22
Linker/Locator:  ArmLink.exe V6.22
Library Manager: ArmAr.exe V6.22
Hex Converter:   FromElf.exe V6.22
CPU DLL:         SARMCM3.DLL V5.40.0.3
Dialog DLL:      DCM.DLL V1.17.5.0
Target DLL:      STLink\ST-LINKIII-KEIL_SWO.dll V3.3.0.0
Dialog DLL:      TCM.DLL V1.56.4.0
 
<h2>Project:</h2>
E:\Desktop\f32xuexi\Electrotherapy\MDK-ARM\Electrotherapy.uvprojx
Project File Date:  10/26/2024

<h2>Output:</h2>
*** Using Compiler 'V6.22', folder: 'E:\keil_MDK\ARM\ARMCLANG\Bin'
Rebuild target 'Electrotherapy'
assembling startup_stm32f103xb.s...
compiling stm32f1xx_hal_gpio_ex.c...
compiling stm32f1xx_hal_msp.c...
compiling stm32f1xx_it.c...
compiling stm32f1xx_hal_gpio.c...
compiling main.c...
compiling tim.c...
compiling stm32f1xx_hal_rcc.c...
compiling stm32f1xx_hal_rcc_ex.c...
compiling stm32f1xx_hal.c...
compiling usart.c...
compiling gpio.c...
compiling stm32f1xx_hal_dma.c...
compiling stm32f1xx_hal_cortex.c...
compiling stm32f1xx_hal_pwr.c...
compiling stm32f1xx_hal_tim_ex.c...
compiling stm32f1xx_hal_flash.c...
compiling stm32f1xx_hal_tim.c...
compiling stm32f1xx_hal_flash_ex.c...
compiling stm32f1xx_hal_exti.c...
compiling system_stm32f1xx.c...
compiling delay.c...
compiling stm32f1xx_hal_uart.c...
compiling sys.c...
compiling main_program.c...
../USER/ESP_01S/esp8266.c(119): warning: incompatible pointer types initializing 'uint16_t *' (aka 'unsigned short *') with an expression of type 'uint8_t *' (aka 'unsigned char *') [-Wincompatible-pointer-types]
  119 |         { "params.Device_Switch", sizeof("params.Device_Switch") - 1, &LED_status },
      |                                                                       ^~~~~~~~~~~
../USER/ESP_01S/esp8266.c(120): warning: incompatible pointer types initializing 'uint16_t *' (aka 'unsigned short *') with an expression of type 'uint8_t *' (aka 'unsigned char *') [-Wincompatible-pointer-types]
  120 |         { "params.wave_form", sizeof("params.wave_form") - 1, &Wave_status },
      |                                                               ^~~~~~~~~~~~
2 warnings generated.
compiling esp8266.c...
compiling time_handle.c...
compiling core_json.c...
linking...
Program Size: Code=16128 RO-data=1376 RW-data=2016 ZI-data=6808  
FromELF: creating hex file...
"Electrotherapy\Electrotherapy.axf" - 0 Error(s), 2 Warning(s).

<h2>Software Packages used:</h2>

Package Vendor: ARM
                https://www.keil.com/pack/ARM.CMSIS.6.1.0.pack
                ARM::CMSIS@6.1.0
                CMSIS (Common Microcontroller Software Interface Standard)
   * Component: CORE Version: 6.1.0

Package Vendor: Keil
                https://www.keil.com/pack/Keil.STM32F1xx_DFP.2.4.1.pack
                Keil::STM32F1xx_DFP@2.4.1
                STMicroelectronics STM32F1 Series Device Support, Drivers and Examples

<h2>Collection of Component include folders:</h2>
  ./RTE/_Electrotherapy
  C:/Users/20233/AppData/Local/arm/packs/ARM/CMSIS/6.1.0/CMSIS/Core/Include
  C:/Users/20233/AppData/Local/arm/packs/Keil/STM32F1xx_DFP/2.4.1/Device/Include

<h2>Collection of Component Files used:</h2>

   * Component: ARM::CMSIS:CORE@6.1.0
      Include file:  CMSIS/Core/Include/tz_context.h
Build Time Elapsed:  00:00:03
</pre>
</body>
</html>
